Archive member included to satisfy reference by file (symbol)

c:/program files (x86)/atmel/studio/7.0/toolchain/arm/arm-gnu-toolchain/bin/../lib/gcc/arm-none-eabi/6.3.1/thumb/v6-m\libgcc.a(_udivsi3.o)
                              src/ASF/sam0/drivers/system/clock/clock_samd21_r21_da_ha1/clock.o (__aeabi_uidiv)
c:/program files (x86)/atmel/studio/7.0/toolchain/arm/arm-gnu-toolchain/bin/../lib/gcc/arm-none-eabi/6.3.1/thumb/v6-m\libgcc.a(_divsi3.o)
                              src/main.o (__aeabi_idiv)
c:/program files (x86)/atmel/studio/7.0/toolchain/arm/arm-gnu-toolchain/bin/../lib/gcc/arm-none-eabi/6.3.1/thumb/v6-m\libgcc.a(_dvmd_tls.o)
                              c:/program files (x86)/atmel/studio/7.0/toolchain/arm/arm-gnu-toolchain/bin/../lib/gcc/arm-none-eabi/6.3.1/thumb/v6-m\libgcc.a(_udivsi3.o) (__aeabi_idiv0)
c:/program files (x86)/atmel/studio/7.0/toolchain/arm/arm-gnu-toolchain/bin/../lib/gcc/arm-none-eabi/6.3.1/thumb/v6-m\libgcc.a(_arm_cmpsf2.o)
                              src/main.o (__aeabi_fcmpeq)
c:/program files (x86)/atmel/studio/7.0/toolchain/arm/arm-gnu-toolchain/bin/../lib/gcc/arm-none-eabi/6.3.1/thumb/v6-m\libgcc.a(addsf3.o)
                              src/main.o (__aeabi_fadd)
c:/program files (x86)/atmel/studio/7.0/toolchain/arm/arm-gnu-toolchain/bin/../lib/gcc/arm-none-eabi/6.3.1/thumb/v6-m\libgcc.a(divsf3.o)
                              src/main.o (__aeabi_fdiv)
c:/program files (x86)/atmel/studio/7.0/toolchain/arm/arm-gnu-toolchain/bin/../lib/gcc/arm-none-eabi/6.3.1/thumb/v6-m\libgcc.a(eqsf2.o)
                              c:/program files (x86)/atmel/studio/7.0/toolchain/arm/arm-gnu-toolchain/bin/../lib/gcc/arm-none-eabi/6.3.1/thumb/v6-m\libgcc.a(_arm_cmpsf2.o) (__eqsf2)
c:/program files (x86)/atmel/studio/7.0/toolchain/arm/arm-gnu-toolchain/bin/../lib/gcc/arm-none-eabi/6.3.1/thumb/v6-m\libgcc.a(gesf2.o)
                              c:/program files (x86)/atmel/studio/7.0/toolchain/arm/arm-gnu-toolchain/bin/../lib/gcc/arm-none-eabi/6.3.1/thumb/v6-m\libgcc.a(_arm_cmpsf2.o) (__gesf2)
c:/program files (x86)/atmel/studio/7.0/toolchain/arm/arm-gnu-toolchain/bin/../lib/gcc/arm-none-eabi/6.3.1/thumb/v6-m\libgcc.a(lesf2.o)
                              c:/program files (x86)/atmel/studio/7.0/toolchain/arm/arm-gnu-toolchain/bin/../lib/gcc/arm-none-eabi/6.3.1/thumb/v6-m\libgcc.a(_arm_cmpsf2.o) (__lesf2)
c:/program files (x86)/atmel/studio/7.0/toolchain/arm/arm-gnu-toolchain/bin/../lib/gcc/arm-none-eabi/6.3.1/thumb/v6-m\libgcc.a(mulsf3.o)
                              src/main.o (__aeabi_fmul)
c:/program files (x86)/atmel/studio/7.0/toolchain/arm/arm-gnu-toolchain/bin/../lib/gcc/arm-none-eabi/6.3.1/thumb/v6-m\libgcc.a(subsf3.o)
                              src/main.o (__aeabi_fsub)
c:/program files (x86)/atmel/studio/7.0/toolchain/arm/arm-gnu-toolchain/bin/../lib/gcc/arm-none-eabi/6.3.1/thumb/v6-m\libgcc.a(fixsfsi.o)
                              src/main.o (__aeabi_f2iz)
c:/program files (x86)/atmel/studio/7.0/toolchain/arm/arm-gnu-toolchain/bin/../lib/gcc/arm-none-eabi/6.3.1/thumb/v6-m\libgcc.a(floatsisf.o)
                              src/main.o (__aeabi_i2f)
c:/program files (x86)/atmel/studio/7.0/toolchain/arm/arm-gnu-toolchain/bin/../lib/gcc/arm-none-eabi/6.3.1/thumb/v6-m\libgcc.a(adddf3.o)
                              src/main.o (__aeabi_dadd)
c:/program files (x86)/atmel/studio/7.0/toolchain/arm/arm-gnu-toolchain/bin/../lib/gcc/arm-none-eabi/6.3.1/thumb/v6-m\libgcc.a(muldf3.o)
                              src/main.o (__aeabi_dmul)
c:/program files (x86)/atmel/studio/7.0/toolchain/arm/arm-gnu-toolchain/bin/../lib/gcc/arm-none-eabi/6.3.1/thumb/v6-m\libgcc.a(extendsfdf2.o)
                              src/main.o (__aeabi_f2d)
c:/program files (x86)/atmel/studio/7.0/toolchain/arm/arm-gnu-toolchain/bin/../lib/gcc/arm-none-eabi/6.3.1/thumb/v6-m\libgcc.a(truncdfsf2.o)
                              src/main.o (__aeabi_d2f)
c:/program files (x86)/atmel/studio/7.0/toolchain/arm/arm-gnu-toolchain/bin/../lib/gcc/arm-none-eabi/6.3.1/thumb/v6-m\libgcc.a(_clzsi2.o)
                              c:/program files (x86)/atmel/studio/7.0/toolchain/arm/arm-gnu-toolchain/bin/../lib/gcc/arm-none-eabi/6.3.1/thumb/v6-m\libgcc.a(addsf3.o) (__clzsi2)
c:/program files (x86)/atmel/studio/7.0/toolchain/arm/arm-gnu-toolchain/bin/../lib/gcc/arm-none-eabi/6.3.1/../../../../arm-none-eabi/lib/thumb/v6-m\libc_nano.a(lib_a-exit.o)
                              c:/program files (x86)/atmel/studio/7.0/toolchain/arm/arm-gnu-toolchain/bin/../lib/gcc/arm-none-eabi/6.3.1/../../../../arm-none-eabi/lib/thumb/v6-m/crt0.o (exit)
c:/program files (x86)/atmel/studio/7.0/toolchain/arm/arm-gnu-toolchain/bin/../lib/gcc/arm-none-eabi/6.3.1/../../../../arm-none-eabi/lib/thumb/v6-m\libc_nano.a(lib_a-impure.o)
[...]
Memory Configuration

Name             Origin             Length             Attributes
rom              0x00000000         0x00040000         xr
ram              0x20000000         0x00008000         xrw
*default*        0x00000000         0xffffffff

Linker script and memory map

LOAD c:/program files (x86)/atmel/studio/7.0/toolchain/arm/arm-gnu-toolchain/bin/../lib/gcc/arm-none-eabi/6.3.1/thumb/v6-m/crti.o
LOAD c:/program files (x86)/atmel/studio/7.0/toolchain/arm/arm-gnu-toolchain/bin/../lib/gcc/arm-none-eabi/6.3.1/thumb/v6-m/crtbegin.o
LOAD c:/program files (x86)/atmel/studio/7.0/toolchain/arm/arm-gnu-toolchain/bin/../lib/gcc/arm-none-eabi/6.3.1/../../../../arm-none-eabi/lib/thumb/v6-m/crt0.o
LOAD src/ASF/thirdparty/freertos/freertos-8.0.1/Source/croutine.o
LOAD src/ASF/thirdparty/freertos/freertos-8.0.1/Source/event_groups.o
LOAD src/ASF/thirdparty/freertos/freertos-8.0.1/Source/portable/GCC/ARM_CM0/port.o
LOAD src/ASF/thirdparty/freertos/freertos-8.0.1/Source/portable/MemMang/heap_1.o
LOAD src/ASF/thirdparty/freertos/freertos-8.0.1/Source/list.o
LOAD src/ASF/thirdparty/freertos/freertos-8.0.1/Source/queue.o
LOAD src/ASF/thirdparty/freertos/freertos-8.0.1/Source/tasks.o
LOAD src/ASF/thirdparty/freertos/freertos-8.0.1/Source/timers.o
LOAD src/ASF/common2/boards/user_board/init.o
LOAD src/ASF/common/utils/interrupt/interrupt_sam_nvic.o
LOAD src/ASF/sam0/drivers/system/clock/clock_samd21_r21_da_ha1/clock.o
LOAD src/ASF/sam0/drivers/system/clock/clock_samd21_r21_da_ha1/gclk.o
LOAD src/ASF/sam0/drivers/system/interrupt/system_interrupt.o
LOAD src/ASF/sam0/drivers/system/pinmux/pinmux.o
LOAD src/ASF/sam0/drivers/system/system.o
LOAD src/ASF/sam0/utils/cmsis/samd21/source/gcc/startup_samd21.o
LOAD src/ASF/sam0/utils/cmsis/samd21/source/system_samd21.o
LOAD src/ASF/sam0/utils/syscalls/gcc/syscalls.o
LOAD src/main.o
START GROUP
LOAD ../src/ASF/thirdparty/CMSIS/Lib/GCC\libarm_cortexM0l_math.a
LOAD c:/program files (x86)/atmel/studio/7.0/toolchain/arm/arm-gnu-toolchain/bin/../lib/gcc/arm-none-eabi/6.3.1/../../../../arm-none-eabi/lib/thumb/v6-m\libm.a
END GROUP
START GROUP
LOAD c:/program files (x86)/atmel/studio/7.0/toolchain/arm/arm-gnu-toolchain/bin/../lib/gcc/arm-none-eabi/6.3.1/thumb/v6-m\libgcc.a
LOAD c:/program files (x86)/atmel/studio/7.0/toolchain/arm/arm-gnu-toolchain/bin/../lib/gcc/arm-none-eabi/6.3.1/../../../../arm-none-eabi/lib/thumb/v6-m\libc_nano.a
END GROUP
START GROUP
LOAD c:/program files (x86)/atmel/studio/7.0/toolchain/arm/arm-gnu-toolchain/bin/../lib/gcc/arm-none-eabi/6.3.1/thumb/v6-m\libgcc.a
LOAD c:/program files (x86)/atmel/studio/7.0/toolchain/arm/arm-gnu-toolchain/bin/../lib/gcc/arm-none-eabi/6.3.1/../../../../arm-none-eabi/lib/thumb/v6-m\libc_nano.a
END GROUP
LOAD c:/program files (x86)/atmel/studio/7.0/toolchain/arm/arm-gnu-toolchain/bin/../lib/gcc/arm-none-eabi/6.3.1/thumb/v6-m/crtend.o
LOAD c:/program files (x86)/atmel/studio/7.0/toolchain/arm/arm-gnu-toolchain/bin/../lib/gcc/arm-none-eabi/6.3.1/thumb/v6-m/crtn.o
                0x00002000                STACK_SIZE = DEFINED (STACK_SIZE)?STACK_SIZE:DEFINED (__stack_size__)?__stack_size__:0x2000

.text           0x00000000     0x48ac
                0x00000000                . = ALIGN (0x4)
                0x00000000                _sfixed = .
 *(.vectors .vectors.*)
 .vectors       0x00000000       0xb4 src/ASF/sam0/utils/cmsis/samd21/source/gcc/startup_samd21.o
                0x00000000                exception_table
 *(.text .text.* .gnu.linkonce.t.*)
 .text          0x000000b4       0x60 c:/program files (x86)/atmel/studio/7.0/toolchain/arm/arm-gnu-toolchain/bin/../lib/gcc/arm-none-eabi/6.3.1/thumb/v6-m/crtbegin.o
 .text.prvTaskExitError
                0x00000114       0x14 src/ASF/thirdparty/freertos/freertos-8.0.1/Source/portable/GCC/ARM_CM0/port.o
 .text.vPortStartFirstTask
                0x00000128       0x20 src/ASF/thirdparty/freertos/freertos-8.0.1/Source/portable/GCC/ARM_CM0/port.o
 .text.pxPortInitialiseStack
                0x00000148       0x20 src/ASF/thirdparty/freertos/freertos-8.0.1/Source/portable/GCC/ARM_CM0/port.o
                0x00000148                pxPortInitialiseStack
 .text.SVC_Handler
                0x00000168        0x2 src/ASF/thirdparty/freertos/freertos-8.0.1/Source/portable/GCC/ARM_CM0/port.o
                0x00000168                SVC_Handler
 *fill*         0x0000016a        0x2 
 .text.vPortYield
                0x0000016c       0x18 src/ASF/thirdparty/freertos/freertos-8.0.1/Source/portable/GCC/ARM_CM0/port.o
                0x0000016c                vPortYield
 .text.vPortEnterCritical
                0x00000184       0x18 src/ASF/thirdparty/freertos/freertos-8.0.1/Source/portable/GCC/ARM_CM0/port.o
                0x00000184                vPortEnterCritical
 .text.vPortExitCritical
                0x0000019c       0x20 src/ASF/thirdparty/freertos/freertos-8.0.1/Source/portable/GCC/ARM_CM0/port.o
                0x0000019c                vPortExitCritical
 .text.ulSetInterruptMaskFromISR
                0x000001bc        0xa src/ASF/thirdparty/freertos/freertos-8.0.1/Source/portable/GCC/ARM_CM0/port.o
                0x000001bc                ulSetInterruptMaskFromISR
 .text.vClearInterruptMaskFromISR
                0x000001c6        0x6 src/ASF/thirdparty/freertos/freertos-8.0.1/Source/portable/GCC/ARM_CM0/port.o
                0x000001c6                vClearInterruptMaskFromISR
 .text.PendSV_Handler
                0x000001cc       0x44 src/ASF/thirdparty/freertos/freertos-8.0.1/Source/portable/GCC/ARM_CM0/port.o
                0x000001cc                PendSV_Handler
 .text.SysTick_Handler
                0x00000210       0x30 src/ASF/thirdparty/freertos/freertos-8.0.1/Source/portable/GCC/ARM_CM0/port.o
                0x00000210                SysTick_Handler
 .text.vPortSetupTimerInterrupt
                0x00000240       0x24 src/ASF/thirdparty/freertos/freertos-8.0.1/Source/portable/GCC/ARM_CM0/port.o
                0x00000240                vPortSetupTimerInterrupt
 .text.xPortStartScheduler
                0x00000264       0x40 src/ASF/thirdparty/freertos/freertos-8.0.1/Source/portable/GCC/ARM_CM0/port.o
                0x00000264                xPortStartScheduler
 .text.pvPortMalloc
                0x000002a4       0x6c src/ASF/thirdparty/freertos/freertos-8.0.1/Source/portable/MemMang/heap_1.o
                0x000002a4                pvPortMalloc
 .text.vPortFree
                0x00000310        0xa src/ASF/thirdparty/freertos/freertos-8.0.1/Source/portable/MemMang/heap_1.o
                0x00000310                vPortFree
 .text.vListInitialise
                0x0000031a       0x16 src/ASF/thirdparty/freertos/freertos-8.0.1/Source/list.o
                0x0000031a                vListInitialise
 .text.vListInitialiseItem
                0x00000330        0x6 src/ASF/thirdparty/freertos/freertos-8.0.1/Source/list.o
                0x00000330                vListInitialiseItem
 .text.vListInsertEnd
                0x00000336       0x18 src/ASF/thirdparty/freertos/freertos-8.0.1/Source/list.o
                0x00000336                vListInsertEnd
 .text.vListInsert
                0x0000034e       0x2e src/ASF/thirdparty/freertos/freertos-8.0.1/Source/list.o
                0x0000034e                vListInsert
 .text.uxListRemove
                0x0000037c       0x26 src/ASF/thirdparty/freertos/freertos-8.0.1/Source/list.o
                0x0000037c                uxListRemove
 *fill*         0x000003a2        0x2 
 .text.prvCopyDataToQueue
                0x000003a4       0x7c src/ASF/thirdparty/freertos/freertos-8.0.1/Source/queue.o
 .text.prvNotifyQueueSetContainer
                0x00000420       0x50 src/ASF/thirdparty/freertos/freertos-8.0.1/Source/queue.o
 .text.prvCopyDataFromQueue
                0x00000470       0x28 src/ASF/thirdparty/freertos/freertos-8.0.1/Source/queue.o
 .text.prvUnlockQueue
                0x00000498       0xb0 src/ASF/thirdparty/freertos/freertos-8.0.1/Source/queue.o
 .text.xQueueGenericReset
                0x00000548       0x7c src/ASF/thirdparty/freertos/freertos-8.0.1/Source/queue.o
                0x00000548                xQueueGenericReset
 .text.xQueueGenericCreate
                0x000005c4       0x50 src/ASF/thirdparty/freertos/freertos-8.0.1/Source/queue.o
                0x000005c4                xQueueGenericCreate
 .text.xQueueGenericSend
                0x00000614      0x174 src/ASF/thirdparty/freertos/freertos-8.0.1/Source/queue.o
                0x00000614                xQueueGenericSend
 .text.xQueueCreateMutex
                0x00000788       0x54 src/ASF/thirdparty/freertos/freertos-8.0.1/Source/queue.o
                0x00000788                xQueueCreateMutex
 .text.xQueueGenericSendFromISR
                0x000007dc       0xc8 src/ASF/thirdparty/freertos/freertos-8.0.1/Source/queue.o
                0x000007dc                xQueueGenericSendFromISR
 .text.xQueueGenericReceive
                0x000008a4      0x188 src/ASF/thirdparty/freertos/freertos-8.0.1/Source/queue.o
                0x000008a4                xQueueGenericReceive
 .text.vQueueWaitForMessageRestricted
                0x00000a2c       0x50 src/ASF/thirdparty/freertos/freertos-8.0.1/Source/queue.o
                0x00000a2c                vQueueWaitForMessageRestricted
 .text.prvResetNextTaskUnblockTime
                0x00000a7c       0x2c src/ASF/thirdparty/freertos/freertos-8.0.1/Source/tasks.o
 .text.prvAddCurrentTaskToDelayedList
                0x00000aa8       0x58 src/ASF/thirdparty/freertos/freertos-8.0.1/Source/tasks.o
 .text.xTaskGenericCreate
                0x00000b00      0x1ec src/ASF/thirdparty/freertos/freertos-8.0.1/Source/tasks.o
                0x00000b00                xTaskGenericCreate
 .text.vTaskStartScheduler
                0x00000cec       0x60 src/ASF/thirdparty/freertos/freertos-8.0.1/Source/tasks.o
                0x00000cec                vTaskStartScheduler
 .text.vTaskSuspendAll
                0x00000d4c       0x10 src/ASF/thirdparty/freertos/freertos-8.0.1/Source/tasks.o
                0x00000d4c                vTaskSuspendAll
 .text.xTaskGetTickCount
                0x00000d5c       0x20 src/ASF/thirdparty/freertos/freertos-8.0.1/Source/tasks.o
                0x00000d5c                xTaskGetTickCount
 .text.xTaskIncrementTick
                0x00000d7c      0x124 src/ASF/thirdparty/freertos/freertos-8.0.1/Source/tasks.o
                0x00000d7c                xTaskIncrementTick
 .text.xTaskResumeAll
                0x00000ea0      0x100 src/ASF/thirdparty/freertos/freertos-8.0.1/Source/tasks.o
                0x00000ea0                xTaskResumeAll
 .text.vTaskDelay
                0x00000fa0       0x5c src/ASF/thirdparty/freertos/freertos-8.0.1/Source/tasks.o
                0x00000fa0                vTaskDelay
 .text.prvIdleTask
                0x00000ffc       0x90 src/ASF/thirdparty/freertos/freertos-8.0.1/Source/tasks.o
 .text.vTaskSwitchContext
                0x0000108c       0xb0 src/ASF/thirdparty/freertos/freertos-8.0.1/Source/tasks.o
                0x0000108c                vTaskSwitchContext
 .text.vTaskPlaceOnEventList
                0x0000113c       0x58 src/ASF/thirdparty/freertos/freertos-8.0.1/Source/tasks.o
                0x0000113c                vTaskPlaceOnEventList
 .text.vTaskPlaceOnEventListRestricted
                0x00001194       0x40 src/ASF/thirdparty/freertos/freertos-8.0.1/Source/tasks.o
                0x00001194                vTaskPlaceOnEventListRestricted
 .text.xTaskRemoveFromEventList
                0x000011d4       0x88 src/ASF/thirdparty/freertos/freertos-8.0.1/Source/tasks.o
                0x000011d4                xTaskRemoveFromEventList
 .text.vTaskSetTimeOutState
                0x0000125c       0x20 src/ASF/thirdparty/freertos/freertos-8.0.1/Source/tasks.o
                0x0000125c                vTaskSetTimeOutState
 .text.xTaskCheckForTimeOut
                0x0000127c       0x70 src/ASF/thirdparty/freertos/freertos-8.0.1/Source/tasks.o
                0x0000127c                xTaskCheckForTimeOut
 .text.vTaskMissedYield
                0x000012ec        0xc src/ASF/thirdparty/freertos/freertos-8.0.1/Source/tasks.o
                0x000012ec                vTaskMissedYield
 .text.xTaskGetCurrentTaskHandle
                0x000012f8        0xc src/ASF/thirdparty/freertos/freertos-8.0.1/Source/tasks.o
                0x000012f8                xTaskGetCurrentTaskHandle
 .text.xTaskGetSchedulerState
                0x00001304       0x20 src/ASF/thirdparty/freertos/freertos-8.0.1/Source/tasks.o
                0x00001304                xTaskGetSchedulerState
 .text.vTaskPriorityInherit
                0x00001324       0x80 src/ASF/thirdparty/freertos/freertos-8.0.1/Source/tasks.o
                0x00001324                vTaskPriorityInherit
 .text.vTaskPriorityDisinherit
                0x000013a4       0x54 src/ASF/thirdparty/freertos/freertos-8.0.1/Source/tasks.o
                0x000013a4                vTaskPriorityDisinherit
 .text.prvInsertTimerInActiveList
                0x000013f8       0x48 src/ASF/thirdparty/freertos/freertos-8.0.1/Source/timers.o
 .text.prvCheckForValidListAndQueue
                0x00001440       0x68 src/ASF/thirdparty/freertos/freertos-8.0.1/Source/timers.o
 .text.xTimerCreateTimerTask
                0x000014a8       0x48 src/ASF/thirdparty/freertos/freertos-8.0.1/Source/timers.o
                0x000014a8                xTimerCreateTimerTask
 .text.xTimerGenericCommand
                0x000014f0       0x64 src/ASF/thirdparty/freertos/freertos-8.0.1/Source/timers.o
                0x000014f0                xTimerGenericCommand
 .text.prvSampleTimeNow
                0x00001554       0xb8 src/ASF/thirdparty/freertos/freertos-8.0.1/Source/timers.o
 .text.prvTimerTask
                0x0000160c      0x17c src/ASF/thirdparty/freertos/freertos-8.0.1/Source/timers.o
 .text.system_board_init
                0x00001788        0x2 src/ASF/common2/boards/user_board/init.o
                0x00001788                board_init
                0x00001788                system_board_init
 *fill*         0x0000178a        0x2 
 .text.cpu_irq_enter_critical
                0x0000178c       0x40 src/ASF/common/utils/interrupt/interrupt_sam_nvic.o
                0x0000178c                cpu_irq_enter_critical
 .text.cpu_irq_leave_critical
                0x000017cc       0x30 src/ASF/common/utils/interrupt/interrupt_sam_nvic.o
                0x000017cc                cpu_irq_leave_critical
 .text.system_clock_source_osc8m_set_config
                0x000017fc       0x3c src/ASF/sam0/drivers/system/clock/clock_samd21_r21_da_ha1/clock.o
                0x000017fc                system_clock_source_osc8m_set_config
 .text.system_clock_source_enable
                0x00001838       0xa8 src/ASF/sam0/drivers/system/clock/clock_samd21_r21_da_ha1/clock.o
                0x00001838                system_clock_source_enable
 .text.system_clock_init
                0x000018e0       0x98 src/ASF/sam0/drivers/system/clock/clock_samd21_r21_da_ha1/clock.o
                0x000018e0                system_clock_init
 .text.system_gclk_init
                0x00001978       0x24 src/ASF/sam0/drivers/system/clock/clock_samd21_r21_da_ha1/gclk.o
                0x00001978                system_gclk_init
 .text.system_gclk_gen_set_config
                0x0000199c       0xb8 src/ASF/sam0/drivers/system/clock/clock_samd21_r21_da_ha1/gclk.o
                0x0000199c                system_gclk_gen_set_config
 .text.system_gclk_gen_enable
                0x00001a54       0x44 src/ASF/sam0/drivers/system/clock/clock_samd21_r21_da_ha1/gclk.o
                0x00001a54                system_gclk_gen_enable
 .text.system_gclk_chan_disable
                0x00001a98       0x5c src/ASF/sam0/drivers/system/clock/clock_samd21_r21_da_ha1/gclk.o
                0x00001a98                system_gclk_chan_disable
 .text.system_gclk_chan_set_config
                0x00001af4       0x1c src/ASF/sam0/drivers/system/clock/clock_samd21_r21_da_ha1/gclk.o
                0x00001af4                system_gclk_chan_set_config
 .text._system_dummy_init
                0x00001b10        0x2 src/ASF/sam0/drivers/system/system.o
                0x00001b10                _system_extint_init
                0x00001b10                _system_events_init
                0x00001b10                _system_dummy_init
                0x00001b10                _system_divas_init
 *fill*         0x00001b12        0x2 
 .text.system_init
                0x00001b14       0x2c src/ASF/sam0/drivers/system/system.o
                0x00001b14                system_init
 .text.Dummy_Handler
                0x00001b40        0x2 src/ASF/sam0/utils/cmsis/samd21/source/gcc/startup_samd21.o
                0x00001b40                DMAC_Handler
                0x00001b40                HardFault_Handler
                0x00001b40                AC_Handler
                0x00001b40                NMI_Handler
                0x00001b40                TC7_Handler
                0x00001b40                SERCOM1_Handler
                0x00001b40                ADC_Handler
                0x00001b40                TCC1_Handler
                0x00001b40                SERCOM2_Handler
                0x00001b40                TCC0_Handler
                0x00001b40                RTC_Handler
                0x00001b40                TC6_Handler
                0x00001b40                WDT_Handler
                0x00001b40                TC4_Handler
                0x00001b40                USB_Handler
                0x00001b40                TC3_Handler
                0x00001b40                Dummy_Handler
                0x00001b40                PM_Handler
                0x00001b40                SERCOM5_Handler
                0x00001b40                TCC2_Handler
                0x00001b40                EVSYS_Handler
                0x00001b40                SERCOM3_Handler
                0x00001b40                SERCOM4_Handler
                0x00001b40                I2S_Handler
                0x00001b40                NVMCTRL_Handler
                0x00001b40                SERCOM0_Handler
                0x00001b40                DAC_Handler
                0x00001b40                PTC_Handler
                0x00001b40                TC5_Handler
                0x00001b40                SYSCTRL_Handler
 *fill*         0x00001b42        0x2 
 .text.Reset_Handler
                0x00001b44       0xe4 src/ASF/sam0/utils/cmsis/samd21/source/gcc/startup_samd21.o
                0x00001b44                Reset_Handler
 .text.vPID_Control_Task
                0x00001c28      0x3f0 src/main.o
                0x00001c28                vPID_Control_Task
 .text.clockSetup
                0x00002018      0x120 src/main.o
                0x00002018                clockSetup
 .text.portSetup
                0x00002138       0x88 src/main.o
                0x00002138                portSetup
 .text.wait     0x000021c0       0x24 src/main.o
                0x000021c0                wait
 .text.charConvert
                0x000021e4       0x50 src/main.o
                0x000021e4                charConvert
 .text.poll     0x00002234      0x2ac src/main.o
                0x00002234                poll
 .text.EICsetup
                0x000024e0       0x3c src/main.o
                0x000024e0                EICsetup
 .text.Timer4Setup
                0x0000251c       0x98 src/main.o
                0x0000251c                Timer4Setup
 .text.main     0x000025b4       0xbc src/main.o
                0x000025b4                main
 .text.EIC_Handler
                0x00002670       0x38 src/main.o
                0x00002670                EIC_Handler
 .text.convert  0x000026a8       0xf8 src/main.o
                0x000026a8                convert
 .text.display  0x000027a0       0xa4 src/main.o
                0x000027a0                display
 .text.vKeypad_Display_Task
                0x00002844      0x158 src/main.o
                0x00002844                vKeypad_Display_Task
 .text          0x0000299c      0x1d4 c:/program files (x86)/atmel/studio/7.0/toolchain/arm/arm-gnu-toolchain/bin/../lib/gcc/arm-none-eabi/6.3.1/thumb/v6-m\libgcc.a(_divsi3.o)
                0x0000299c                __divsi3
                0x0000299c                __aeabi_idiv
                0x00002b68                __aeabi_idivmod
 .text          0x00002b70        0x4 c:/program files (x86)/atmel/studio/7.0/toolchain/arm/arm-gnu-toolchain/bin/../lib/gcc/arm-none-eabi/6.3.1/thumb/v6-m\libgcc.a(_dvmd_tls.o)
                0x00002b70                __aeabi_idiv0
                0x00002b70                __aeabi_ldiv0
 .text          0x00002b74       0x74 c:/program files (x86)/atmel/studio/7.0/toolchain/arm/arm-gnu-toolchain/bin/../lib/gcc/arm-none-eabi/6.3.1/thumb/v6-m\libgcc.a(_arm_cmpsf2.o)
                0x00002b74                __aeabi_cfrcmple
                0x00002b7c                __aeabi_cfcmpeq
                0x00002b7c                __aeabi_cfcmple
                0x00002b8c                __aeabi_fcmpeq
                0x00002b98                __aeabi_fcmplt
                0x00002bac                __aeabi_fcmple
                0x00002bc0                __aeabi_fcmpgt
                0x00002bd4                __aeabi_fcmpge
 .text          0x00002be8      0x324 c:/program files (x86)/atmel/studio/7.0/toolchain/arm/arm-gnu-toolchain/bin/../lib/gcc/arm-none-eabi/6.3.1/thumb/v6-m\libgcc.a(addsf3.o)
                0x00002be8                __aeabi_fadd
 .text          0x00002f0c      0x290 c:/program files (x86)/atmel/studio/7.0/toolchain/arm/arm-gnu-toolchain/bin/../lib/gcc/arm-none-eabi/6.3.1/thumb/v6-m\libgcc.a(divsf3.o)
                0x00002f0c                __aeabi_fdiv
 .text          0x0000319c       0x4c c:/program files (x86)/atmel/studio/7.0/toolchain/arm/arm-gnu-toolchain/bin/../lib/gcc/arm-none-eabi/6.3.1/thumb/v6-m\libgcc.a(eqsf2.o)
                0x0000319c                __eqsf2
                0x0000319c                __nesf2
 .text          0x000031e8       0x80 c:/program files (x86)/atmel/studio/7.0/toolchain/arm/arm-gnu-toolchain/bin/../lib/gcc/arm-none-eabi/6.3.1/thumb/v6-m\libgcc.a(gesf2.o)
                0x000031e8                __gesf2
                0x000031e8                __gtsf2
 .text          0x00003268       0x84 c:/program files (x86)/atmel/studio/7.0/toolchain/arm/arm-gnu-toolchain/bin/../lib/gcc/arm-none-eabi/6.3.1/thumb/v6-m\libgcc.a(lesf2.o)
                0x00003268                __ltsf2
                0x00003268                __lesf2
 .text          0x000032ec      0x240 c:/program files (x86)/atmel/studio/7.0/toolchain/arm/arm-gnu-toolchain/bin/../lib/gcc/arm-none-eabi/6.3.1/thumb/v6-m\libgcc.a(mulsf3.o)
                0x000032ec                __aeabi_fmul
 .text          0x0000352c      0x338 c:/program files (x86)/atmel/studio/7.0/toolchain/arm/arm-gnu-toolchain/bin/../lib/gcc/arm-none-eabi/6.3.1/thumb/v6-m\libgcc.a(subsf3.o)
                0x0000352c                __aeabi_fsub
 .text          0x00003864       0x40 c:/program files (x86)/atmel/studio/7.0/toolchain/arm/arm-gnu-toolchain/bin/../lib/gcc/arm-none-eabi/6.3.1/thumb/v6-m\libgcc.a(fixsfsi.o)
                0x00003864                __aeabi_f2iz
 .text          0x000038a4       0xa0 c:/program files (x86)/atmel/studio/7.0/toolchain/arm/arm-gnu-toolchain/bin/../lib/gcc/arm-none-eabi/6.3.1/thumb/v6-m\libgcc.a(floatsisf.o)
                0x000038a4                __aeabi_i2f
 .text          0x00003944      0x620 c:/program files (x86)/atmel/studio/7.0/toolchain/arm/arm-gnu-toolchain/bin/../lib/gcc/arm-none-eabi/6.3.1/thumb/v6-m\libgcc.a(adddf3.o)
                0x00003944                __aeabi_dadd
 .text          0x00003f64      0x500 c:/program files (x86)/atmel/studio/7.0/toolchain/arm/arm-gnu-toolchain/bin/../lib/gcc/arm-none-eabi/6.3.1/thumb/v6-m\libgcc.a(muldf3.o)
                0x00003f64                __aeabi_dmul
 .text          0x00004464       0xa4 c:/program files (x86)/atmel/studio/7.0/toolchain/arm/arm-gnu-toolchain/bin/../lib/gcc/arm-none-eabi/6.3.1/thumb/v6-m\libgcc.a(extendsfdf2.o)
                0x00004464                __aeabi_f2d
 .text          0x00004508      0x114 c:/program files (x86)/atmel/studio/7.0/toolchain/arm/arm-gnu-toolchain/bin/../lib/gcc/arm-none-eabi/6.3.1/thumb/v6-m\libgcc.a(truncdfsf2.o)
                0x00004508                __aeabi_d2f
 .text          0x0000461c       0x3c c:/program files (x86)/atmel/studio/7.0/toolchain/arm/arm-gnu-toolchain/bin/../lib/gcc/arm-none-eabi/6.3.1/thumb/v6-m\libgcc.a(_clzsi2.o)
                0x0000461c                __clzsi2
 .text.__libc_init_array
                0x00004658       0x48 c:/program files (x86)/atmel/studio/7.0/toolchain/arm/arm-gnu-toolchain/bin/../lib/gcc/arm-none-eabi/6.3.1/../../../../arm-none-eabi/lib/thumb/v6-m\libc_nano.a(lib_a-init.o)
                0x00004658                __libc_init_array
 .text.memcpy   0x000046a0       0x12 c:/program files (x86)/atmel/studio/7.0/toolchain/arm/arm-gnu-toolchain/bin/../lib/gcc/arm-none-eabi/6.3.1/../../../../arm-none-eabi/lib/thumb/v6-m\libc_nano.a(lib_a-memcpy-stub.o)
                0x000046a0                memcpy
 *(.glue_7t)
 .glue_7t       0x000046b2        0x0 linker stubs
 *(.glue_7)
 .glue_7        0x000046b2        0x0 linker stubs
 *(.rodata .rodata* .gnu.linkonce.r.*)
 *fill*         0x000046b2        0x2 
 .rodata.vTaskStartScheduler.str1.4
                0x000046b4        0x5 src/ASF/thirdparty/freertos/freertos-8.0.1/Source/tasks.o
 *fill*         0x000046b9        0x3 
 .rodata.prvTimerTask
                0x000046bc       0x28 src/ASF/thirdparty/freertos/freertos-8.0.1/Source/timers.o
 .rodata.xTimerCreateTimerTask.str1.4
                0x000046e4        0x8 src/ASF/thirdparty/freertos/freertos-8.0.1/Source/timers.o
 .rodata.system_clock_source_enable
                0x000046ec       0x24 src/ASF/sam0/drivers/system/clock/clock_samd21_r21_da_ha1/clock.o
 .rodata.convert
                0x00004710       0x28 src/main.o
 .rodata.display
                0x00004738       0x28 src/main.o
 .rodata.main.str1.4
                0x00004760       0x2c src/main.o
                                 0x2a (size before relaxing)
 .rodata        0x0000478c       0x80 c:/program files (x86)/atmel/studio/7.0/toolchain/arm/arm-gnu-toolchain/bin/../lib/gcc/arm-none-eabi/6.3.1/thumb/v6-m\libgcc.a(divsf3.o)
 .rodata        0x0000480c       0x40 c:/program files (x86)/atmel/studio/7.0/toolchain/arm/arm-gnu-toolchain/bin/../lib/gcc/arm-none-eabi/6.3.1/thumb/v6-m\libgcc.a(mulsf3.o)
 .rodata        0x0000484c       0x40 c:/program files (x86)/atmel/studio/7.0/toolchain/arm/arm-gnu-toolchain/bin/../lib/gcc/arm-none-eabi/6.3.1/thumb/v6-m\libgcc.a(muldf3.o)
 *(.ARM.extab* .gnu.linkonce.armextab.*)
                0x0000488c                . = ALIGN (0x4)
 *(.init)
 .init          0x0000488c        0x4 c:/program files (x86)/atmel/studio/7.0/toolchain/arm/arm-gnu-toolchain/bin/../lib/gcc/arm-none-eabi/6.3.1/thumb/v6-m/crti.o
                0x0000488c                _init
 .init          0x00004890        0x8 c:/program files (x86)/atmel/studio/7.0/toolchain/arm/arm-gnu-toolchain/bin/../lib/gcc/arm-none-eabi/6.3.1/thumb/v6-m/crtn.o
                0x00004898                . = ALIGN (0x4)
                0x00004898                __preinit_array_start = .
 *(.preinit_array)
                0x00004898                __preinit_array_end = .
                0x00004898                . = ALIGN (0x4)
                0x00004898                __init_array_start = .
 *(SORT(.init_array.*))
 *(.init_array)
 .init_array    0x00004898        0x4 c:/program files (x86)/atmel/studio/7.0/toolchain/arm/arm-gnu-toolchain/bin/../lib/gcc/arm-none-eabi/6.3.1/thumb/v6-m/crtbegin.o
                0x0000489c                __init_array_end = .
                0x0000489c                . = ALIGN (0x4)
 *crtbegin.o(.ctors)
 *(EXCLUDE_FILE(*crtend.o) .ctors)
 *(SORT(.ctors.*))
 *crtend.o(.ctors)
                0x0000489c                . = ALIGN (0x4)
 *(.fini)
 .fini          0x0000489c        0x4 c:/program files (x86)/atmel/studio/7.0/toolchain/arm/arm-gnu-toolchain/bin/../lib/gcc/arm-none-eabi/6.3.1/thumb/v6-m/crti.o
                0x0000489c                _fini
 .fini          0x000048a0        0x8 c:/program files (x86)/atmel/studio/7.0/toolchain/arm/arm-gnu-toolchain/bin/../lib/gcc/arm-none-eabi/6.3.1/thumb/v6-m/crtn.o
                0x000048a8                . = ALIGN (0x4)
                0x000048a8                __fini_array_start = .
 *(.fini_array)
 .fini_array    0x000048a8        0x4 c:/program files (x86)/atmel/studio/7.0/toolchain/arm/arm-gnu-toolchain/bin/../lib/gcc/arm-none-eabi/6.3.1/thumb/v6-m/crtbegin.o
 *(SORT(.fini_array.*))
                0x000048ac                __fini_array_end = .
 *crtbegin.o(.dtors)
 *(EXCLUDE_FILE(*crtend.o) .dtors)
 *(SORT(.dtors.*))
 *crtend.o(.dtors)
                0x000048ac                . = ALIGN (0x4)
                0x000048ac                _efixed = .
                [!provide]                PROVIDE (__exidx_start, .)

.vfp11_veneer   0x000048ac        0x0
 .vfp11_veneer  0x000048ac        0x0 linker stubs

.v4_bx          0x000048ac        0x0
 .v4_bx         0x000048ac        0x0 linker stubs

.iplt           0x000048ac        0x0
 .iplt          0x000048ac        0x0 c:/program files (x86)/atmel/studio/7.0/toolchain/arm/arm-gnu-toolchain/bin/../lib/gcc/arm-none-eabi/6.3.1/thumb/v6-m/crtbegin.o

.eh_frame       0x000048ac        0x0
 .eh_frame      0x000048ac        0x0 c:/program files (x86)/atmel/studio/7.0/toolchain/arm/arm-gnu-toolchain/bin/../lib/gcc/arm-none-eabi/6.3.1/thumb/v6-m/crtbegin.o

.rel.dyn        0x000048ac        0x0
 .rel.iplt      0x000048ac        0x0 c:/program files (x86)/atmel/studio/7.0/toolchain/arm/arm-gnu-toolchain/bin/../lib/gcc/arm-none-eabi/6.3.1/thumb/v6-m/crtbegin.o

.jcr            0x000048ac        0x0
 .jcr           0x000048ac        0x0 c:/program files (x86)/atmel/studio/7.0/toolchain/arm/arm-gnu-toolchain/bin/../lib/gcc/arm-none-eabi/6.3.1/thumb/v6-m/crtbegin.o

.igot.plt       0x000048ac        0x0
 .igot.plt      0x000048ac        0x0 c:/program files (x86)/atmel/studio/7.0/toolchain/arm/arm-gnu-toolchain/bin/../lib/gcc/arm-none-eabi/6.3.1/thumb/v6-m/crtbegin.o

.ARM.exidx
 *(.ARM.exidx* .gnu.linkonce.armexidx.*)
                [!provide]                PROVIDE (__exidx_end, .)
                0x000048ac                . = ALIGN (0x4)
                0x000048ac                _etext = .

.relocate       0x20000000       0x44 load address 0x000048ac
                0x20000000                . = ALIGN (0x4)
                0x20000000                _srelocate = .
 *(.ramfunc .ramfunc.*)
 *(.data .data.*)
 .data.uxCriticalNesting
                0x20000000        0x4 src/ASF/thirdparty/freertos/freertos-8.0.1/Source/portable/GCC/ARM_CM0/port.o
 .data.xNextTaskUnblockTime
                0x20000004        0x4 src/ASF/thirdparty/freertos/freertos-8.0.1/Source/tasks.o
 .data.g_interrupt_enabled
                0x20000008        0x1 src/ASF/common/utils/interrupt/interrupt_sam_nvic.o
                0x20000008                g_interrupt_enabled
 *fill*         0x20000009        0x3 
 .data.Kdp      0x2000000c        0x4 src/main.o
                0x2000000c                Kdp
 .data.Kds      0x20000010        0x4 src/main.o
                0x20000010                Kds
 .data.Kffs     0x20000014        0x4 src/main.o
                0x20000014                Kffs
 .data.Kip      0x20000018        0x4 src/main.o
                0x20000018                Kip
 .data.Kis      0x2000001c        0x4 src/main.o
                0x2000001c                Kis
 .data.Kpp      0x20000020        0x4 src/main.o
                0x20000020                Kpp
 .data.Kps      0x20000024        0x4 src/main.o
                0x20000024                Kps
 .data.N.12672  0x20000028        0x4 src/main.o
 .data.Ts       0x2000002c        0x4 src/main.o
                0x2000002c                Ts
 .data.array.12674
                0x20000030        0x4 src/main.o
 .data.array2   0x20000034        0x4 src/main.o
                0x20000034                array2
 .data.ent_key  0x20000038        0x4 src/main.o
                0x20000038                ent_key
 .data.key.12673
                0x2000003c        0x1 src/main.o
 *fill*         0x2000003d        0x3 
 .data.mode     0x20000040        0x4 src/main.o
                0x20000040                mode
                0x20000044                . = ALIGN (0x4)
                0x20000044                _erelocate = .

.bss            0x20000044     0x3c98 load address 0x000048f0
                0x20000044                . = ALIGN (0x4)
                0x20000044                _sbss = .
                0x20000044                _szero = .
 *(.bss .bss.*)
 .bss           0x20000044       0x1c c:/program files (x86)/atmel/studio/7.0/toolchain/arm/arm-gnu-toolchain/bin/../lib/gcc/arm-none-eabi/6.3.1/thumb/v6-m/crtbegin.o
 .bss.pucAlignedHeap.4990
                0x20000060        0x4 src/ASF/thirdparty/freertos/freertos-8.0.1/Source/portable/MemMang/heap_1.o
 .bss.ucHeap    0x20000064     0x3a98 src/ASF/thirdparty/freertos/freertos-8.0.1/Source/portable/MemMang/heap_1.o
 .bss.xNextFreeByte
                0x20003afc        0x4 src/ASF/thirdparty/freertos/freertos-8.0.1/Source/portable/MemMang/heap_1.o
 .bss.pxCurrentTCB
                0x20003b00        0x4 src/ASF/thirdparty/freertos/freertos-8.0.1/Source/tasks.o
                0x20003b00                pxCurrentTCB
 .bss.pxDelayedTaskList
                0x20003b04        0x4 src/ASF/thirdparty/freertos/freertos-8.0.1/Source/tasks.o
 .bss.pxOverflowDelayedTaskList
                0x20003b08        0x4 src/ASF/thirdparty/freertos/freertos-8.0.1/Source/tasks.o
 .bss.pxReadyTasksLists
                0x20003b0c       0x64 src/ASF/thirdparty/freertos/freertos-8.0.1/Source/tasks.o
 .bss.uxCurrentNumberOfTasks
                0x20003b70        0x4 src/ASF/thirdparty/freertos/freertos-8.0.1/Source/tasks.o
 .bss.uxPendedTicks
                0x20003b74        0x4 src/ASF/thirdparty/freertos/freertos-8.0.1/Source/tasks.o
 .bss.uxSchedulerSuspended
                0x20003b78        0x4 src/ASF/thirdparty/freertos/freertos-8.0.1/Source/tasks.o
 .bss.uxTaskNumber
                0x20003b7c        0x4 src/ASF/thirdparty/freertos/freertos-8.0.1/Source/tasks.o
 .bss.uxTasksDeleted
                0x20003b80        0x4 src/ASF/thirdparty/freertos/freertos-8.0.1/Source/tasks.o
 .bss.uxTopReadyPriority
                0x20003b84        0x4 src/ASF/thirdparty/freertos/freertos-8.0.1/Source/tasks.o
 .bss.xDelayedTaskList1
                0x20003b88       0x14 src/ASF/thirdparty/freertos/freertos-8.0.1/Source/tasks.o
 .bss.xDelayedTaskList2
                0x20003b9c       0x14 src/ASF/thirdparty/freertos/freertos-8.0.1/Source/tasks.o
 .bss.xNumOfOverflows
                0x20003bb0        0x4 src/ASF/thirdparty/freertos/freertos-8.0.1/Source/tasks.o
 .bss.xPendingReadyList
                0x20003bb4       0x14 src/ASF/thirdparty/freertos/freertos-8.0.1/Source/tasks.o
 .bss.xSchedulerRunning
                0x20003bc8        0x4 src/ASF/thirdparty/freertos/freertos-8.0.1/Source/tasks.o
 .bss.xSuspendedTaskList
                0x20003bcc       0x14 src/ASF/thirdparty/freertos/freertos-8.0.1/Source/tasks.o
 .bss.xTasksWaitingTermination
                0x20003be0       0x14 src/ASF/thirdparty/freertos/freertos-8.0.1/Source/tasks.o
 .bss.xTickCount
                0x20003bf4        0x4 src/ASF/thirdparty/freertos/freertos-8.0.1/Source/tasks.o
 .bss.xYieldPending
                0x20003bf8        0x4 src/ASF/thirdparty/freertos/freertos-8.0.1/Source/tasks.o
 .bss.pxCurrentTimerList
                0x20003bfc        0x4 src/ASF/thirdparty/freertos/freertos-8.0.1/Source/timers.o
 .bss.pxOverflowTimerList
                0x20003c00        0x4 src/ASF/thirdparty/freertos/freertos-8.0.1/Source/timers.o
 .bss.xActiveTimerList1
                0x20003c04       0x14 src/ASF/thirdparty/freertos/freertos-8.0.1/Source/timers.o
 .bss.xActiveTimerList2
                0x20003c18       0x14 src/ASF/thirdparty/freertos/freertos-8.0.1/Source/timers.o
 .bss.xLastTime.5233
                0x20003c2c        0x4 src/ASF/thirdparty/freertos/freertos-8.0.1/Source/timers.o
 .bss.xTimerQueue
                0x20003c30        0x4 src/ASF/thirdparty/freertos/freertos-8.0.1/Source/timers.o
 .bss.cpu_irq_critical_section_counter
                0x20003c34        0x4 src/ASF/common/utils/interrupt/interrupt_sam_nvic.o
 .bss.cpu_irq_prev_interrupt_state
                0x20003c38        0x1 src/ASF/common/utils/interrupt/interrupt_sam_nvic.o
 *fill*         0x20003c39        0x3 
 .bss._system_clock_inst
                0x20003c3c       0x18 src/ASF/sam0/drivers/system/clock/clock_samd21_r21_da_ha1/clock.o
 .bss.CNT.12670
                0x20003c54        0x4 src/main.o
 .bss.T1.12671  0x20003c58        0x1 src/main.o
 *fill*         0x20003c59        0x3 
 .bss.countEICs
                0x20003c5c        0x4 src/main.o
 .bss.errorPos1
                0x20003c60        0x4 src/main.o
 .bss.errorSpd1
                0x20003c64        0x4 src/main.o
 .bss.filterRawSpeed
                0x20003c68        0x4 src/main.o
                0x20003c68                filterRawSpeed
 .bss.filterX1  0x20003c6c        0x4 src/main.o
                0x20003c6c                filterX1
 .bss.filterY   0x20003c70        0x4 src/main.o
                0x20003c70                filterY
 .bss.filterY1  0x20003c74        0x4 src/main.o
                0x20003c74                filterY1
 .bss.i         0x20003c78        0x4 src/main.o
                0x20003c78                i
 .bss.i.12668   0x20003c7c        0x4 src/main.o
 .bss.integral  0x20003c80        0x4 src/main.o
 .bss.integralx
                0x20003c84        0x4 src/main.o
 .bss.key_position
                0x20003c88        0x4 src/main.o
                0x20003c88                key_position
 .bss.keyptr.12675
                0x20003c8c        0x4 src/main.o
 .bss.x.12669   0x20003c90        0x4 src/main.o
 .bss.xMutex    0x20003c94        0x4 src/main.o
                0x20003c94                xMutex
 *(COMMON)
 COMMON         0x20003c98       0x44 src/main.o
                0x20003c98                x_int
                0x20003c9c                errorDisplay
                0x20003ca0                x
                0x20003ca4                comPres
                0x20003ca8                ConArrayPtr
                0x20003cac                ConArray
                0x20003cb0                keyptr2
                0x20003cb4                errorSpd
                0x20003cb8                temp
                0x20003cbc                rawSpeed
                0x20003cc0                temp1
                0x20003cc4                keypad
                0x20003cc8                Diffx
                0x20003ccc                Diff
                0x20003cd0                y
                0x20003cd4                errorPos
                0x20003cd8                normY
                0x20003cdc                . = ALIGN (0x4)
                0x20003cdc                _ebss = .
                0x20003cdc                _ezero = .

.stack          0x20003cdc     0x2004 load address 0x00008588
                0x20003ce0                . = ALIGN (0x8)
 *fill*         0x20003cdc        0x4 
                0x20003ce0                _sstack = .
                0x20005ce0                . = (. + STACK_SIZE)
 *fill*         0x20003ce0     0x2000 
                0x20005ce0                . = ALIGN (0x8)
                0x20005ce0                _estack = .
                0x20005ce0                . = ALIGN (0x4)
                0x20005ce0                _end = .
OUTPUT(Motorcontrol_RTOS.elf elf32-littlearm)

.ARM.attributes
                0x00000000       0x28
 .ARM.attributes
                0x00000000       0x1e c:/program files (x86)/atmel/studio/7.0/toolchain/arm/arm-gnu-toolchain/bin/../lib/gcc/arm-none-eabi/6.3.1/thumb/v6-m/crti.o
 .ARM.attributes
                0x0000001e       0x2c c:/program files (x86)/atmel/studio/7.0/toolchain/arm/arm-gnu-toolchain/bin/../lib/gcc/arm-none-eabi/6.3.1/thumb/v6-m/crtbegin.o
 .ARM.attributes
                0x0000004a       0x32 src/ASF/thirdparty/freertos/freertos-8.0.1/Source/portable/GCC/ARM_CM0/port.o
 .ARM.attributes
                0x0000007c       0x32 src/ASF/thirdparty/freertos/freertos-8.0.1/Source/portable/MemMang/heap_1.o
 .ARM.attributes
                0x000000ae       0x32 src/ASF/thirdparty/freertos/freertos-8.0.1/Source/list.o
 .ARM.attributes
                0x000000e0       0x32 src/ASF/thirdparty/freertos/freertos-8.0.1/Source/queue.o
 .ARM.attributes
                0x00000112       0x32 src/ASF/thirdparty/freertos/freertos-8.0.1/Source/tasks.o
 .ARM.attributes
                0x00000144       0x32 src/ASF/thirdparty/freertos/freertos-8.0.1/Source/timers.o
 .ARM.attributes
                0x00000176       0x32 src/ASF/common2/boards/user_board/init.o
 .ARM.attributes
                0x000001a8       0x32 src/ASF/common/utils/interrupt/interrupt_sam_nvic.o
 .ARM.attributes
                0x000001da       0x32 src/ASF/sam0/drivers/system/clock/clock_samd21_r21_da_ha1/clock.o
 .ARM.attributes
                0x0000020c       0x32 src/ASF/sam0/drivers/system/clock/clock_samd21_r21_da_ha1/gclk.o
 .ARM.attributes
                0x0000023e       0x32 src/ASF/sam0/drivers/system/system.o
 .ARM.attributes
                0x00000270       0x32 src/ASF/sam0/utils/cmsis/samd21/source/gcc/startup_samd21.o
 .ARM.attributes
                0x000002a2       0x32 src/main.o
 .ARM.attributes
                0x000002d4       0x1e c:/program files (x86)/atmel/studio/7.0/toolchain/arm/arm-gnu-toolchain/bin/../lib/gcc/arm-none-eabi/6.3.1/thumb/v6-m\libgcc.a(_divsi3.o)
 .ARM.attributes
                0x000002f2       0x1e c:/program files (x86)/atmel/studio/7.0/toolchain/arm/arm-gnu-toolchain/bin/../lib/gcc/arm-none-eabi/6.3.1/thumb/v6-m\libgcc.a(_dvmd_tls.o)
 .ARM.attributes
                0x00000310       0x1e c:/program files (x86)/atmel/studio/7.0/toolchain/arm/arm-gnu-toolchain/bin/../lib/gcc/arm-none-eabi/6.3.1/thumb/v6-m\libgcc.a(_arm_cmpsf2.o)
 .ARM.attributes
                0x0000032e       0x2c c:/program files (x86)/atmel/studio/7.0/toolchain/arm/arm-gnu-toolchain/bin/../lib/gcc/arm-none-eabi/6.3.1/thumb/v6-m\libgcc.a(addsf3.o)
 .ARM.attributes
                0x0000035a       0x2c c:/program files (x86)/atmel/studio/7.0/toolchain/arm/arm-gnu-toolchain/bin/../lib/gcc/arm-none-eabi/6.3.1/thumb/v6-m\libgcc.a(divsf3.o)
 .ARM.attributes
                0x00000386       0x2c c:/program files (x86)/atmel/studio/7.0/toolchain/arm/arm-gnu-toolchain/bin/../lib/gcc/arm-none-eabi/6.3.1/thumb/v6-m\libgcc.a(eqsf2.o)
 .ARM.attributes
                0x000003b2       0x2c c:/program files (x86)/atmel/studio/7.0/toolchain/arm/arm-gnu-toolchain/bin/../lib/gcc/arm-none-eabi/6.3.1/thumb/v6-m\libgcc.a(gesf2.o)
 .ARM.attributes
                0x000003de       0x2c c:/program files (x86)/atmel/studio/7.0/toolchain/arm/arm-gnu-toolchain/bin/../lib/gcc/arm-none-eabi/6.3.1/thumb/v6-m\libgcc.a(lesf2.o)
 .ARM.attributes
                0x0000040a       0x2c c:/program files (x86)/atmel/studio/7.0/toolchain/arm/arm-gnu-toolchain/bin/../lib/gcc/arm-none-eabi/6.3.1/thumb/v6-m\libgcc.a(mulsf3.o)
 .ARM.attributes
                0x00000436       0x2c c:/program files (x86)/atmel/studio/7.0/toolchain/arm/arm-gnu-toolchain/bin/../lib/gcc/arm-none-eabi/6.3.1/thumb/v6-m\libgcc.a(subsf3.o)
 .ARM.attributes
                0x00000462       0x2c c:/program files (x86)/atmel/studio/7.0/toolchain/arm/arm-gnu-toolchain/bin/../lib/gcc/arm-none-eabi/6.3.1/thumb/v6-m\libgcc.a(fixsfsi.o)
 .ARM.attributes
                0x0000048e       0x2c c:/program files (x86)/atmel/studio/7.0/toolchain/arm/arm-gnu-toolchain/bin/../lib/gcc/arm-none-eabi/6.3.1/thumb/v6-m\libgcc.a(floatsisf.o)
 .ARM.attributes
                0x000004ba       0x2c c:/program files (x86)/atmel/studio/7.0/toolchain/arm/arm-gnu-toolchain/bin/../lib/gcc/arm-none-eabi/6.3.1/thumb/v6-m\libgcc.a(adddf3.o)
 .ARM.attributes
                0x000004e6       0x2c c:/program files (x86)/atmel/studio/7.0/toolchain/arm/arm-gnu-toolchain/bin/../lib/gcc/arm-none-eabi/6.3.1/thumb/v6-m\libgcc.a(muldf3.o)
 .ARM.attributes
                0x00000512       0x2c c:/program files (x86)/atmel/studio/7.0/toolchain/arm/arm-gnu-toolchain/bin/../lib/gcc/arm-none-eabi/6.3.1/thumb/v6-m\libgcc.a(extendsfdf2.o)
 .ARM.attributes
                0x0000053e       0x2c c:/program files (x86)/atmel/studio/7.0/toolchain/arm/arm-gnu-toolchain/bin/../lib/gcc/arm-none-eabi/6.3.1/thumb/v6-m\libgcc.a(truncdfsf2.o)
 .ARM.attributes
                0x0000056a       0x1e c:/program files (x86)/atmel/studio/7.0/toolchain/arm/arm-gnu-toolchain/bin/../lib/gcc/arm-none-eabi/6.3.1/thumb/v6-m\libgcc.a(_clzsi2.o)
 .ARM.attributes
                0x00000588       0x2c c:/program files (x86)/atmel/studio/7.0/toolchain/arm/arm-gnu-toolchain/bin/../lib/gcc/arm-none-eabi/6.3.1/../../../../arm-none-eabi/lib/thumb/v6-m\libc_nano.a(lib_a-init.o)
 .ARM.attributes
                0x000005b4       0x2c c:/program files (x86)/atmel/studio/7.0/toolchain/arm/arm-gnu-toolchain/bin/../lib/gcc/arm-none-eabi/6.3.1/../../../../arm-none-eabi/lib/thumb/v6-m\libc_nano.a(lib_a-memcpy-stub.o)
 .ARM.attributes
                0x000005e0       0x1e c:/program files (x86)/atmel/studio/7.0/toolchain/arm/arm-gnu-toolchain/bin/../lib/gcc/arm-none-eabi/6.3.1/thumb/v6-m/crtn.o

.comment        0x00000000       0x59
 .comment       0x00000000       0x59 src/ASF/thirdparty/freertos/freertos-8.0.1/Source/portable/GCC/ARM_CM0/port.o
                                 0x5a (size before relaxing)
 .comment       0x00000059       0x5a src/ASF/thirdparty/freertos/freertos-8.0.1/Source/portable/MemMang/heap_1.o
 .comment       0x00000059       0x5a src/ASF/thirdparty/freertos/freertos-8.0.1/Source/list.o
 .comment       0x00000059       0x5a src/ASF/thirdparty/freertos/freertos-8.0.1/Source/queue.o
 .comment       0x00000059       0x5a src/ASF/thirdparty/freertos/freertos-8.0.1/Source/tasks.o
 .comment       0x00000059       0x5a src/ASF/thirdparty/freertos/freertos-8.0.1/Source/timers.o
 .comment       0x00000059       0x5a src/ASF/common2/boards/user_board/init.o
 .comment       0x00000059       0x5a src/ASF/common/utils/interrupt/interrupt_sam_nvic.o
 .comment       0x00000059       0x5a src/ASF/sam0/drivers/system/clock/clock_samd21_r21_da_ha1/clock.o
 .comment       0x00000059       0x5a src/ASF/sam0/drivers/system/clock/clock_samd21_r21_da_ha1/gclk.o
 .comment       0x00000059       0x5a src/ASF/sam0/drivers/system/system.o
 .comment       0x00000059       0x5a src/ASF/sam0/utils/cmsis/samd21/source/gcc/startup_samd21.o
 .comment       0x00000059       0x5a src/main.o

.debug_info     0x00000000    0x171ab
 .debug_info    0x00000000      0x2da src/ASF/thirdparty/freertos/freertos-8.0.1/Source/portable/GCC/ARM_CM0/port.o
 .debug_info    0x000002da      0xaca src/ASF/thirdparty/freertos/freertos-8.0.1/Source/portable/MemMang/heap_1.o
 .debug_info    0x00000da4      0xbd1 src/ASF/thirdparty/freertos/freertos-8.0.1/Source/list.o
 .debug_info    0x00001975     0x1e6f src/ASF/thirdparty/freertos/freertos-8.0.1/Source/queue.o
 .debug_info    0x000037e4     0x216e src/ASF/thirdparty/freertos/freertos-8.0.1/Source/tasks.o
 .debug_info    0x00005952     0x168a src/ASF/thirdparty/freertos/freertos-8.0.1/Source/timers.o
 .debug_info    0x00006fdc      0xa3f src/ASF/common2/boards/user_board/init.o
 .debug_info    0x00007a1b      0xb07 src/ASF/common/utils/interrupt/interrupt_sam_nvic.o
 .debug_info    0x00008522     0x37bf src/ASF/sam0/drivers/system/clock/clock_samd21_r21_da_ha1/clock.o
 .debug_info    0x0000bce1     0x1ed1 src/ASF/sam0/drivers/system/clock/clock_samd21_r21_da_ha1/gclk.o
 .debug_info    0x0000dbb2      0xa73 src/ASF/sam0/drivers/system/system.o
 .debug_info    0x0000e625     0x3a49 src/ASF/sam0/utils/cmsis/samd21/source/gcc/startup_samd21.o
 .debug_info    0x0001206e     0x513d src/main.o

.debug_abbrev   0x00000000     0x24cb
 .debug_abbrev  0x00000000      0x18b src/ASF/thirdparty/freertos/freertos-8.0.1/Source/portable/GCC/ARM_CM0/port.o
 .debug_abbrev  0x0000018b      0x240 src/ASF/thirdparty/freertos/freertos-8.0.1/Source/portable/MemMang/heap_1.o
 .debug_abbrev  0x000003cb      0x21a src/ASF/thirdparty/freertos/freertos-8.0.1/Source/list.o
 .debug_abbrev  0x000005e5      0x327 src/ASF/thirdparty/freertos/freertos-8.0.1/Source/queue.o
 .debug_abbrev  0x0000090c      0x3d2 src/ASF/thirdparty/freertos/freertos-8.0.1/Source/tasks.o
 .debug_abbrev  0x00000cde      0x364 src/ASF/thirdparty/freertos/freertos-8.0.1/Source/timers.o
 .debug_abbrev  0x00001042      0x1be src/ASF/common2/boards/user_board/init.o
 .debug_abbrev  0x00001200      0x22c src/ASF/common/utils/interrupt/interrupt_sam_nvic.o
 .debug_abbrev  0x0000142c      0x465 src/ASF/sam0/drivers/system/clock/clock_samd21_r21_da_ha1/clock.o
 .debug_abbrev  0x00001891      0x3f1 src/ASF/sam0/drivers/system/clock/clock_samd21_r21_da_ha1/gclk.o
 .debug_abbrev  0x00001c82      0x1e1 src/ASF/sam0/drivers/system/system.o
 .debug_abbrev  0x00001e63      0x234 src/ASF/sam0/utils/cmsis/samd21/source/gcc/startup_samd21.o
 .debug_abbrev  0x00002097      0x434 src/main.o

.debug_loc      0x00000000     0x4d9e
 .debug_loc     0x00000000      0x113 src/ASF/thirdparty/freertos/freertos-8.0.1/Source/portable/GCC/ARM_CM0/port.o
 .debug_loc     0x00000113       0x7f src/ASF/thirdparty/freertos/freertos-8.0.1/Source/portable/MemMang/heap_1.o
 .debug_loc     0x00000192       0x72 src/ASF/thirdparty/freertos/freertos-8.0.1/Source/list.o
 .debug_loc     0x00000204     0x16fe src/ASF/thirdparty/freertos/freertos-8.0.1/Source/queue.o
 .debug_loc     0x00001902     0x12ad src/ASF/thirdparty/freertos/freertos-8.0.1/Source/tasks.o
 .debug_loc     0x00002baf      0x95a src/ASF/thirdparty/freertos/freertos-8.0.1/Source/timers.o
 .debug_loc     0x00003509      0xef6 src/ASF/sam0/drivers/system/clock/clock_samd21_r21_da_ha1/clock.o
 .debug_loc     0x000043ff      0x504 src/ASF/sam0/drivers/system/clock/clock_samd21_r21_da_ha1/gclk.o
 .debug_loc     0x00004903       0x20 src/ASF/sam0/drivers/system/system.o
 .debug_loc     0x00004923       0x40 src/ASF/sam0/utils/cmsis/samd21/source/gcc/startup_samd21.o
 .debug_loc     0x00004963      0x43b src/main.o

.debug_aranges  0x00000000      0x598
 .debug_aranges
                0x00000000       0x88 src/ASF/thirdparty/freertos/freertos-8.0.1/Source/portable/GCC/ARM_CM0/port.o
 .debug_aranges
                0x00000088       0x38 src/ASF/thirdparty/freertos/freertos-8.0.1/Source/portable/MemMang/heap_1.o
 .debug_aranges
                0x000000c0       0x40 src/ASF/thirdparty/freertos/freertos-8.0.1/Source/list.o
 .debug_aranges
                0x00000100       0xf0 src/ASF/thirdparty/freertos/freertos-8.0.1/Source/queue.o
 .debug_aranges
                0x000001f0      0x130 src/ASF/thirdparty/freertos/freertos-8.0.1/Source/tasks.o
 .debug_aranges
                0x00000320       0x68 src/ASF/thirdparty/freertos/freertos-8.0.1/Source/timers.o
 .debug_aranges
                0x00000388       0x20 src/ASF/common2/boards/user_board/init.o
 .debug_aranges
                0x000003a8       0x28 src/ASF/common/utils/interrupt/interrupt_sam_nvic.o
 .debug_aranges
                0x000003d0       0x78 src/ASF/sam0/drivers/system/clock/clock_samd21_r21_da_ha1/clock.o
 .debug_aranges
                0x00000448       0x80 src/ASF/sam0/drivers/system/clock/clock_samd21_r21_da_ha1/gclk.o
 .debug_aranges
                0x000004c8       0x28 src/ASF/sam0/drivers/system/system.o
 .debug_aranges
                0x000004f0       0x28 src/ASF/sam0/utils/cmsis/samd21/source/gcc/startup_samd21.o
 .debug_aranges
                0x00000518       0x80 src/main.o

.debug_ranges   0x00000000      0x630
 .debug_ranges  0x00000000       0x78 src/ASF/thirdparty/freertos/freertos-8.0.1/Source/portable/GCC/ARM_CM0/port.o
 .debug_ranges  0x00000078       0x28 src/ASF/thirdparty/freertos/freertos-8.0.1/Source/portable/MemMang/heap_1.o
 .debug_ranges  0x000000a0       0x30 src/ASF/thirdparty/freertos/freertos-8.0.1/Source/list.o
 .debug_ranges  0x000000d0       0xe0 src/ASF/thirdparty/freertos/freertos-8.0.1/Source/queue.o
 .debug_ranges  0x000001b0      0x1f8 src/ASF/thirdparty/freertos/freertos-8.0.1/Source/tasks.o
 .debug_ranges  0x000003a8       0xb8 src/ASF/thirdparty/freertos/freertos-8.0.1/Source/timers.o
 .debug_ranges  0x00000460       0x10 src/ASF/common2/boards/user_board/init.o
 .debug_ranges  0x00000470       0x18 src/ASF/common/utils/interrupt/interrupt_sam_nvic.o
 .debug_ranges  0x00000488       0x68 src/ASF/sam0/drivers/system/clock/clock_samd21_r21_da_ha1/clock.o
 .debug_ranges  0x000004f0       0x88 src/ASF/sam0/drivers/system/clock/clock_samd21_r21_da_ha1/gclk.o
 .debug_ranges  0x00000578       0x18 src/ASF/sam0/drivers/system/system.o
 .debug_ranges  0x00000590       0x18 src/ASF/sam0/utils/cmsis/samd21/source/gcc/startup_samd21.o
 .debug_ranges  0x000005a8       0x88 src/main.o

.debug_macro    0x00000000    0x16005
 .debug_macro   0x00000000      0x122 src/ASF/thirdparty/freertos/freertos-8.0.1/Source/portable/GCC/ARM_CM0/port.o
 .debug_macro   0x00000122      0x19a src/ASF/thirdparty/freertos/freertos-8.0.1/Source/portable/MemMang/heap_1.o
 .debug_macro   0x000002bc      0x179 src/ASF/thirdparty/freertos/freertos-8.0.1/Source/list.o
 .debug_macro   0x00000435      0x1f5 src/ASF/thirdparty/freertos/freertos-8.0.1/Source/queue.o
 .debug_macro   0x0000062a       0x16 src/ASF/thirdparty/freertos/freertos-8.0.1/Source/queue.o
 .debug_macro   0x00000640       0x35 src/ASF/thirdparty/freertos/freertos-8.0.1/Source/queue.o
 .debug_macro   0x00000675       0xb0 src/ASF/thirdparty/freertos/freertos-8.0.1/Source/queue.o
 .debug_macro   0x00000725      0x238 src/ASF/thirdparty/freertos/freertos-8.0.1/Source/tasks.o
 .debug_macro   0x0000095d       0x16 src/ASF/thirdparty/freertos/freertos-8.0.1/Source/tasks.o
 .debug_macro   0x00000973      0x1b6 src/ASF/thirdparty/freertos/freertos-8.0.1/Source/timers.o
 .debug_macro   0x00000b29      0x66f src/ASF/common2/boards/user_board/init.o
 .debug_macro   0x00001198      0x64b src/ASF/common2/boards/user_board/init.o
 .debug_macro   0x000017e3       0x10 src/ASF/common2/boards/user_board/init.o
 .debug_macro   0x000017f3       0x76 src/ASF/common2/boards/user_board/init.o
 .debug_macro   0x00001869       0x16 src/ASF/common2/boards/user_board/init.o
 .debug_macro   0x0000187f      0x6e5 src/ASF/common2/boards/user_board/init.o
 .debug_macro   0x00001f64      0xde2 src/ASF/common2/boards/user_board/init.o
 .debug_macro   0x00002d46       0x22 src/ASF/common2/boards/user_board/init.o
 .debug_macro   0x00002d68       0x40 src/ASF/common2/boards/user_board/init.o
 .debug_macro   0x00002da8       0x3a src/ASF/common2/boards/user_board/init.o
 .debug_macro   0x00002de2       0x1f src/ASF/common2/boards/user_board/init.o
 .debug_macro   0x00002e01      0x250 src/ASF/common2/boards/user_board/init.o
 .debug_macro   0x00003051      0x682 src/ASF/common2/boards/user_board/init.o
 .debug_macro   0x000036d3      0x8bf src/ASF/common2/boards/user_board/init.o
 .debug_macro   0x00003f92      0x235 src/ASF/common2/boards/user_board/init.o
 .debug_macro   0x000041c7      0xd6a src/ASF/common2/boards/user_board/init.o
 .debug_macro   0x00004f31      0x4ce src/ASF/common2/boards/user_board/init.o
 .debug_macro   0x000053ff      0x9f8 src/ASF/common2/boards/user_board/init.o
 .debug_macro   0x00005df7      0x82b src/ASF/common2/boards/user_board/init.o
 .debug_macro   0x00006622      0x45f src/ASF/common2/boards/user_board/init.o
 .debug_macro   0x00006a81       0x5e src/ASF/common2/boards/user_board/init.o
 .debug_macro   0x00006adf      0x906 src/ASF/common2/boards/user_board/init.o
 .debug_macro   0x000073e5      0x225 src/ASF/common2/boards/user_board/init.o
 .debug_macro   0x0000760a      0x963 src/ASF/common2/boards/user_board/init.o
 .debug_macro   0x00007f6d       0x5e src/ASF/common2/boards/user_board/init.o
 .debug_macro   0x00007fcb      0x671 src/ASF/common2/boards/user_board/init.o
 .debug_macro   0x0000863c      0x3af src/ASF/common2/boards/user_board/init.o
 .debug_macro   0x000089eb      0xc7f src/ASF/common2/boards/user_board/init.o
 .debug_macro   0x0000966a     0x1092 src/ASF/common2/boards/user_board/init.o
 .debug_macro   0x0000a6fc      0xc4a src/ASF/common2/boards/user_board/init.o
 .debug_macro   0x0000b346      0x6bf src/ASF/common2/boards/user_board/init.o
 .debug_macro   0x0000ba05     0x1bc9 src/ASF/common2/boards/user_board/init.o
 .debug_macro   0x0000d5ce     0x144a src/ASF/common2/boards/user_board/init.o
 .debug_macro   0x0000ea18      0x34e src/ASF/common2/boards/user_board/init.o
 .debug_macro   0x0000ed66       0x7c src/ASF/common2/boards/user_board/init.o
 .debug_macro   0x0000ede2       0xa0 src/ASF/common2/boards/user_board/init.o
 .debug_macro   0x0000ee82       0x4c src/ASF/common2/boards/user_board/init.o
 .debug_macro   0x0000eece       0xca src/ASF/common2/boards/user_board/init.o
 .debug_macro   0x0000ef98       0x94 src/ASF/common2/boards/user_board/init.o
 .debug_macro   0x0000f02c       0x58 src/ASF/common2/boards/user_board/init.o
 .debug_macro   0x0000f084      0x387 src/ASF/common2/boards/user_board/init.o
 .debug_macro   0x0000f40b       0x82 src/ASF/common2/boards/user_board/init.o
 .debug_macro   0x0000f48d      0x197 src/ASF/common2/boards/user_board/init.o
 .debug_macro   0x0000f624       0xb8 src/ASF/common2/boards/user_board/init.o
 .debug_macro   0x0000f6dc       0xa0 src/ASF/common2/boards/user_board/init.o
 .debug_macro   0x0000f77c       0xb8 src/ASF/common2/boards/user_board/init.o
 .debug_macro   0x0000f834       0x1c src/ASF/common2/boards/user_board/init.o
 .debug_macro   0x0000f850       0x1c src/ASF/common2/boards/user_board/init.o
 .debug_macro   0x0000f86c       0x1c src/ASF/common2/boards/user_board/init.o
 .debug_macro   0x0000f888       0x82 src/ASF/common2/boards/user_board/init.o
 .debug_macro   0x0000f90a      0x161 src/ASF/common2/boards/user_board/init.o
 .debug_macro   0x0000fa6b       0xdc src/ASF/common2/boards/user_board/init.o
 .debug_macro   0x0000fb47      0x12f src/ASF/common2/boards/user_board/init.o
 .debug_macro   0x0000fc76      0x12f src/ASF/common2/boards/user_board/init.o
 .debug_macro   0x0000fda5      0x12f src/ASF/common2/boards/user_board/init.o
 .debug_macro   0x0000fed4      0x12f src/ASF/common2/boards/user_board/init.o
 .debug_macro   0x00010003      0x12f src/ASF/common2/boards/user_board/init.o
 .debug_macro   0x00010132      0x12f src/ASF/common2/boards/user_board/init.o
 .debug_macro   0x00010261      0x124 src/ASF/common2/boards/user_board/init.o
 .debug_macro   0x00010385       0xe2 src/ASF/common2/boards/user_board/init.o
 .debug_macro   0x00010467       0xe2 src/ASF/common2/boards/user_board/init.o
 .debug_macro   0x00010549       0xe2 src/ASF/common2/boards/user_board/init.o
 .debug_macro   0x0001062b       0xe2 src/ASF/common2/boards/user_board/init.o
 .debug_macro   0x0001070d       0xe2 src/ASF/common2/boards/user_board/init.o
 .debug_macro   0x000107ef      0x133 src/ASF/common2/boards/user_board/init.o
 .debug_macro   0x00010922      0x106 src/ASF/common2/boards/user_board/init.o
 .debug_macro   0x00010a28       0xfa src/ASF/common2/boards/user_board/init.o
 .debug_macro   0x00010b22      0x40f src/ASF/common2/boards/user_board/init.o
 .debug_macro   0x00010f31       0x40 src/ASF/common2/boards/user_board/init.o
 .debug_macro   0x00010f71      0x37d src/ASF/common2/boards/user_board/init.o
 .debug_macro   0x000112ee     0x1e5c src/ASF/common2/boards/user_board/init.o
 .debug_macro   0x0001314a       0x6d src/ASF/common2/boards/user_board/init.o
 .debug_macro   0x000131b7       0x58 src/ASF/common2/boards/user_board/init.o
 .debug_macro   0x0001320f       0x16 src/ASF/common2/boards/user_board/init.o
 .debug_macro   0x00013225       0x10 src/ASF/common2/boards/user_board/init.o
 .debug_macro   0x00013235       0x10 src/ASF/common2/boards/user_board/init.o
 .debug_macro   0x00013245       0x1c src/ASF/common2/boards/user_board/init.o
 .debug_macro   0x00013261       0x52 src/ASF/common2/boards/user_board/init.o
 .debug_macro   0x000132b3       0x40 src/ASF/common2/boards/user_board/init.o
 .debug_macro   0x000132f3       0x10 src/ASF/common2/boards/user_board/init.o
 .debug_macro   0x00013303       0x40 src/ASF/common2/boards/user_board/init.o
 .debug_macro   0x00013343       0xd7 src/ASF/common2/boards/user_board/init.o
 .debug_macro   0x0001341a       0x16 src/ASF/common2/boards/user_board/init.o
 .debug_macro   0x00013430      0x18b src/ASF/common2/boards/user_board/init.o
 .debug_macro   0x000135bb       0x51 src/ASF/common2/boards/user_board/init.o
 .debug_macro   0x0001360c       0x3f src/ASF/common2/boards/user_board/init.o
 .debug_macro   0x0001364b      0x3df src/ASF/common2/boards/user_board/init.o
 .debug_macro   0x00013a2a       0x43 src/ASF/common2/boards/user_board/init.o
 .debug_macro   0x00013a6d       0x6f src/ASF/common2/boards/user_board/init.o
 .debug_macro   0x00013adc       0x7e src/ASF/common2/boards/user_board/init.o
 .debug_macro   0x00013b5a      0x2c6 src/ASF/common2/boards/user_board/init.o
 .debug_macro   0x00013e20       0x11 src/ASF/common2/boards/user_board/init.o
 .debug_macro   0x00013e31       0x18 src/ASF/common2/boards/user_board/init.o
 .debug_macro   0x00013e49       0x16 src/ASF/common2/boards/user_board/init.o
 .debug_macro   0x00013e5f       0x2e src/ASF/common2/boards/user_board/init.o
 .debug_macro   0x00013e8d      0x512 src/ASF/common/utils/interrupt/interrupt_sam_nvic.o
 .debug_macro   0x0001439f      0x583 src/ASF/sam0/drivers/system/clock/clock_samd21_r21_da_ha1/clock.o
 .debug_macro   0x00014922      0x29d src/ASF/sam0/drivers/system/clock/clock_samd21_r21_da_ha1/clock.o
 .debug_macro   0x00014bbf      0x548 src/ASF/sam0/drivers/system/clock/clock_samd21_r21_da_ha1/gclk.o
 .debug_macro   0x00015107      0x555 src/ASF/sam0/drivers/system/system.o
 .debug_macro   0x0001565c      0x2f9 src/ASF/sam0/utils/cmsis/samd21/source/gcc/startup_samd21.o
 .debug_macro   0x00015955       0x3a src/ASF/sam0/utils/cmsis/samd21/source/gcc/startup_samd21.o
 .debug_macro   0x0001598f      0x676 src/main.o

.debug_line     0x00000000     0x7483
 .debug_line    0x00000000      0x45d src/ASF/thirdparty/freertos/freertos-8.0.1/Source/portable/GCC/ARM_CM0/port.o
 .debug_line    0x0000045d      0x46d src/ASF/thirdparty/freertos/freertos-8.0.1/Source/portable/MemMang/heap_1.o
 .debug_line    0x000008ca      0x471 src/ASF/thirdparty/freertos/freertos-8.0.1/Source/list.o
 .debug_line    0x00000d3b      0x929 src/ASF/thirdparty/freertos/freertos-8.0.1/Source/queue.o
 .debug_line    0x00001664      0xaf0 src/ASF/thirdparty/freertos/freertos-8.0.1/Source/tasks.o
 .debug_line    0x00002154      0x59f src/ASF/thirdparty/freertos/freertos-8.0.1/Source/timers.o
 .debug_line    0x000026f3      0xc57 src/ASF/common2/boards/user_board/init.o
 .debug_line    0x0000334a      0x8d8 src/ASF/common/utils/interrupt/interrupt_sam_nvic.o
 .debug_line    0x00003c22      0xc59 src/ASF/sam0/drivers/system/clock/clock_samd21_r21_da_ha1/clock.o
 .debug_line    0x0000487b      0xc80 src/ASF/sam0/drivers/system/clock/clock_samd21_r21_da_ha1/gclk.o
 .debug_line    0x000054fb      0x9fb src/ASF/sam0/drivers/system/system.o
 .debug_line    0x00005ef6      0x656 src/ASF/sam0/utils/cmsis/samd21/source/gcc/startup_samd21.o
 .debug_line    0x0000654c      0xf37 src/main.o

.debug_str      0x00000000    0x8d89c
 .debug_str     0x00000000     0x5f5b src/ASF/thirdparty/freertos/freertos-8.0.1/Source/portable/GCC/ARM_CM0/port.o
                               0x6180 (size before relaxing)
 .debug_str     0x00005f5b     0x2eae src/ASF/thirdparty/freertos/freertos-8.0.1/Source/portable/MemMang/heap_1.o
                               0x8c25 (size before relaxing)
 .debug_str     0x00008e09      0x159 src/ASF/thirdparty/freertos/freertos-8.0.1/Source/list.o
                               0x8864 (size before relaxing)
 .debug_str     0x00008f62     0x1259 src/ASF/thirdparty/freertos/freertos-8.0.1/Source/queue.o
                               0x9f12 (size before relaxing)
 .debug_str     0x0000a1bb     0x13bd src/ASF/thirdparty/freertos/freertos-8.0.1/Source/tasks.o
                               0xa246 (size before relaxing)
 .debug_str     0x0000b578      0x3c8 src/ASF/thirdparty/freertos/freertos-8.0.1/Source/timers.o
                               0xa329 (size before relaxing)
 .debug_str     0x0000b940    0x7d3e4 src/ASF/common2/boards/user_board/init.o
                              0x876f4 (size before relaxing)
 .debug_str     0x00088d24       0x94 src/ASF/common/utils/interrupt/interrupt_sam_nvic.o
                              0x824a8 (size before relaxing)
 .debug_str     0x00088db8     0x2e33 src/ASF/sam0/drivers/system/clock/clock_samd21_r21_da_ha1/clock.o
                              0x85641 (size before relaxing)
 .debug_str     0x0008bbeb      0x28b src/ASF/sam0/drivers/system/clock/clock_samd21_r21_da_ha1/gclk.o
                              0x8316b (size before relaxing)
 .debug_str     0x0008be76       0x47 src/ASF/sam0/drivers/system/system.o
                              0x82585 (size before relaxing)
 .debug_str     0x0008bebd      0xf44 src/ASF/sam0/utils/cmsis/samd21/source/gcc/startup_samd21.o
                              0x6e369 (size before relaxing)
 .debug_str     0x0008ce01      0xa9b src/main.o
                              0x889da (size before relaxing)

.debug_frame    0x00000000     0x1134
 .debug_frame   0x00000000      0x108 src/ASF/thirdparty/freertos/freertos-8.0.1/Source/portable/GCC/ARM_CM0/port.o
 .debug_frame   0x00000108       0x5c src/ASF/thirdparty/freertos/freertos-8.0.1/Source/portable/MemMang/heap_1.o
 .debug_frame   0x00000164       0x6c src/ASF/thirdparty/freertos/freertos-8.0.1/Source/list.o
 .debug_frame   0x000001d0      0x2f0 src/ASF/thirdparty/freertos/freertos-8.0.1/Source/queue.o
 .debug_frame   0x000004c0      0x384 src/ASF/thirdparty/freertos/freertos-8.0.1/Source/tasks.o
 .debug_frame   0x00000844      0x124 src/ASF/thirdparty/freertos/freertos-8.0.1/Source/timers.o
 .debug_frame   0x00000968       0x20 src/ASF/common2/boards/user_board/init.o
 .debug_frame   0x00000988       0x30 src/ASF/common/utils/interrupt/interrupt_sam_nvic.o
 .debug_frame   0x000009b8      0x14c src/ASF/sam0/drivers/system/clock/clock_samd21_r21_da_ha1/clock.o
 .debug_frame   0x00000b04      0x148 src/ASF/sam0/drivers/system/clock/clock_samd21_r21_da_ha1/gclk.o
 .debug_frame   0x00000c4c       0x38 src/ASF/sam0/drivers/system/system.o
 .debug_frame   0x00000c84       0x40 src/ASF/sam0/utils/cmsis/samd21/source/gcc/startup_samd21.o
 .debug_frame   0x00000cc4      0x16c src/main.o
 .debug_frame   0x00000e30       0x20 c:/program files (x86)/atmel/studio/7.0/toolchain/arm/arm-gnu-toolchain/bin/../lib/gcc/arm-none-eabi/6.3.1/thumb/v6-m\libgcc.a(_divsi3.o)
 .debug_frame   0x00000e50       0x34 c:/program files (x86)/atmel/studio/7.0/toolchain/arm/arm-gnu-toolchain/bin/../lib/gcc/arm-none-eabi/6.3.1/thumb/v6-m\libgcc.a(addsf3.o)
 .debug_frame   0x00000e84       0x3c c:/program files (x86)/atmel/studio/7.0/toolchain/arm/arm-gnu-toolchain/bin/../lib/gcc/arm-none-eabi/6.3.1/thumb/v6-m\libgcc.a(divsf3.o)
 .debug_frame   0x00000ec0       0x2c c:/program files (x86)/atmel/studio/7.0/toolchain/arm/arm-gnu-toolchain/bin/../lib/gcc/arm-none-eabi/6.3.1/thumb/v6-m\libgcc.a(eqsf2.o)
 .debug_frame   0x00000eec       0x30 c:/program files (x86)/atmel/studio/7.0/toolchain/arm/arm-gnu-toolchain/bin/../lib/gcc/arm-none-eabi/6.3.1/thumb/v6-m\libgcc.a(gesf2.o)
 .debug_frame   0x00000f1c       0x30 c:/program files (x86)/atmel/studio/7.0/toolchain/arm/arm-gnu-toolchain/bin/../lib/gcc/arm-none-eabi/6.3.1/thumb/v6-m\libgcc.a(lesf2.o)
 .debug_frame   0x00000f4c       0x3c c:/program files (x86)/atmel/studio/7.0/toolchain/arm/arm-gnu-toolchain/bin/../lib/gcc/arm-none-eabi/6.3.1/thumb/v6-m\libgcc.a(mulsf3.o)
 .debug_frame   0x00000f88       0x38 c:/program files (x86)/atmel/studio/7.0/toolchain/arm/arm-gnu-toolchain/bin/../lib/gcc/arm-none-eabi/6.3.1/thumb/v6-m\libgcc.a(subsf3.o)
 .debug_frame   0x00000fc0       0x20 c:/program files (x86)/atmel/studio/7.0/toolchain/arm/arm-gnu-toolchain/bin/../lib/gcc/arm-none-eabi/6.3.1/thumb/v6-m\libgcc.a(fixsfsi.o)
 .debug_frame   0x00000fe0       0x2c c:/program files (x86)/atmel/studio/7.0/toolchain/arm/arm-gnu-toolchain/bin/../lib/gcc/arm-none-eabi/6.3.1/thumb/v6-m\libgcc.a(floatsisf.o)
 .debug_frame   0x0000100c       0x3c c:/program files (x86)/atmel/studio/7.0/toolchain/arm/arm-gnu-toolchain/bin/../lib/gcc/arm-none-eabi/6.3.1/thumb/v6-m\libgcc.a(adddf3.o)
 .debug_frame   0x00001048       0x3c c:/program files (x86)/atmel/studio/7.0/toolchain/arm/arm-gnu-toolchain/bin/../lib/gcc/arm-none-eabi/6.3.1/thumb/v6-m\libgcc.a(muldf3.o)
 .debug_frame   0x00001084       0x2c c:/program files (x86)/atmel/studio/7.0/toolchain/arm/arm-gnu-toolchain/bin/../lib/gcc/arm-none-eabi/6.3.1/thumb/v6-m\libgcc.a(extendsfdf2.o)
 .debug_frame   0x000010b0       0x30 c:/program files (x86)/atmel/studio/7.0/toolchain/arm/arm-gnu-toolchain/bin/../lib/gcc/arm-none-eabi/6.3.1/thumb/v6-m\libgcc.a(truncdfsf2.o)
 .debug_frame   0x000010e0       0x2c c:/program files (x86)/atmel/studio/7.0/toolchain/arm/arm-gnu-toolchain/bin/../lib/gcc/arm-none-eabi/6.3.1/../../../../arm-none-eabi/lib/thumb/v6-m\libc_nano.a(lib_a-init.o)
 .debug_frame   0x0000110c       0x28 c:/program files (x86)/atmel/studio/7.0/toolchain/arm/arm-gnu-toolchain/bin/../lib/gcc/arm-none-eabi/6.3.1/../../../../arm-none-eabi/lib/thumb/v6-m\libc_nano.a(lib_a-memcpy-stub.o)

Cross Reference Table

Symbol                                            File
AC_Handler                                        src/ASF/sam0/utils/cmsis/samd21/source/gcc/startup_samd21.o
ADC_Handler                                       src/ASF/sam0/utils/cmsis/samd21/source/gcc/startup_samd21.o
ConArray                                          src/main.o
ConArrayPtr                                       src/main.o
DAC_Handler                                       src/ASF/sam0/utils/cmsis/samd21/source/gcc/startup_samd21.o
DMAC_Handler                                      src/ASF/sam0/utils/cmsis/samd21/source/gcc/startup_samd21.o
Diff                                              src/main.o
Diffx                                             src/main.o
Dummy_Handler                                     src/ASF/sam0/utils/cmsis/samd21/source/gcc/startup_samd21.o
EIC_Handler                                       src/main.o
                                                  src/ASF/sam0/utils/cmsis/samd21/source/gcc/startup_samd21.o
EICsetup                                          src/main.o
EVSYS_Handler                                     src/ASF/sam0/utils/cmsis/samd21/source/gcc/startup_samd21.o
HardFault_Handler                                 src/ASF/sam0/utils/cmsis/samd21/source/gcc/startup_samd21.o
I2S_Handler                                       src/ASF/sam0/utils/cmsis/samd21/source/gcc/startup_samd21.o
Kdp                                               src/main.o
Kds                                               src/main.o
Kffp                                              src/main.o
Kffs                                              src/main.o
Kip                                               src/main.o
Kis                                               src/main.o
Kpp                                               src/main.o
Kps                                               src/main.o
NMI_Handler                                       src/ASF/sam0/utils/cmsis/samd21/source/gcc/startup_samd21.o
NVMCTRL_Handler                                   src/ASF/sam0/utils/cmsis/samd21/source/gcc/startup_samd21.o
PM_Handler                                        src/ASF/sam0/utils/cmsis/samd21/source/gcc/startup_samd21.o
PTC_Handler                                       src/ASF/sam0/utils/cmsis/samd21/source/gcc/startup_samd21.o
PendSV_Handler                                    src/ASF/thirdparty/freertos/freertos-8.0.1/Source/portable/GCC/ARM_CM0/port.o
RTC_Handler                                       src/ASF/sam0/utils/cmsis/samd21/source/gcc/startup_samd21.o
Reset_Handler                                     src/ASF/sam0/utils/cmsis/samd21/source/gcc/startup_samd21.o
SERCOM0_Handler                                   src/ASF/sam0/utils/cmsis/samd21/source/gcc/startup_samd21.o
SERCOM1_Handler                                   src/ASF/sam0/utils/cmsis/samd21/source/gcc/startup_samd21.o
SERCOM2_Handler                                   src/ASF/sam0/utils/cmsis/samd21/source/gcc/startup_samd21.o
SERCOM3_Handler                                   src/ASF/sam0/utils/cmsis/samd21/source/gcc/startup_samd21.o
SERCOM4_Handler                                   src/ASF/sam0/utils/cmsis/samd21/source/gcc/startup_samd21.o
SERCOM5_Handler                                   src/ASF/sam0/utils/cmsis/samd21/source/gcc/startup_samd21.o
SVC_Handler                                       src/ASF/thirdparty/freertos/freertos-8.0.1/Source/portable/GCC/ARM_CM0/port.o
SYSCTRL_Handler                                   src/ASF/sam0/utils/cmsis/samd21/source/gcc/startup_samd21.o
SysTick_Handler                                   src/ASF/thirdparty/freertos/freertos-8.0.1/Source/portable/GCC/ARM_CM0/port.o
SystemCoreClock                                   src/ASF/sam0/utils/cmsis/samd21/source/system_samd21.o
SystemCoreClockUpdate                             src/ASF/sam0/utils/cmsis/samd21/source/system_samd21.o
SystemInit                                        src/ASF/sam0/utils/cmsis/samd21/source/system_samd21.o
TC3_Handler                                       src/ASF/sam0/utils/cmsis/samd21/source/gcc/startup_samd21.o
TC4_Handler                                       src/ASF/sam0/utils/cmsis/samd21/source/gcc/startup_samd21.o
TC5_Handler                                       src/ASF/sam0/utils/cmsis/samd21/source/gcc/startup_samd21.o
TC6_Handler                                       src/ASF/sam0/utils/cmsis/samd21/source/gcc/startup_samd21.o
TC7_Handler                                       src/ASF/sam0/utils/cmsis/samd21/source/gcc/startup_samd21.o
TCC0_Handler                                      src/ASF/sam0/utils/cmsis/samd21/source/gcc/startup_samd21.o
TCC1_Handler                                      src/ASF/sam0/utils/cmsis/samd21/source/gcc/startup_samd21.o
TCC2_Handler                                      src/ASF/sam0/utils/cmsis/samd21/source/gcc/startup_samd21.o
Timer4Setup                                       src/main.o
Ts                                                src/main.o
USB_Handler                                       src/ASF/sam0/utils/cmsis/samd21/source/gcc/startup_samd21.o
WDT_Handler                                       src/ASF/sam0/utils/cmsis/samd21/source/gcc/startup_samd21.o
_Jv_RegisterClasses                               c:/program files (x86)/atmel/studio/7.0/toolchain/arm/arm-gnu-toolchain/bin/../lib/gcc/arm-none-eabi/6.3.1/thumb/v6-m/crtbegin.o
__aeabi_cfcmpeq                                   c:/program files (x86)/atmel/studio/7.0/toolchain/arm/arm-gnu-toolchain/bin/../lib/gcc/arm-none-eabi/6.3.1/thumb/v6-m\libgcc.a(_arm_cmpsf2.o)
__aeabi_cfcmple                                   c:/program files (x86)/atmel/studio/7.0/toolchain/arm/arm-gnu-toolchain/bin/../lib/gcc/arm-none-eabi/6.3.1/thumb/v6-m\libgcc.a(_arm_cmpsf2.o)
__aeabi_cfrcmple                                  c:/program files (x86)/atmel/studio/7.0/toolchain/arm/arm-gnu-toolchain/bin/../lib/gcc/arm-none-eabi/6.3.1/thumb/v6-m\libgcc.a(_arm_cmpsf2.o)
__aeabi_d2f                                       c:/program files (x86)/atmel/studio/7.0/toolchain/arm/arm-gnu-toolchain/bin/../lib/gcc/arm-none-eabi/6.3.1/thumb/v6-m\libgcc.a(truncdfsf2.o)
                                                  src/main.o
__aeabi_dadd                                      c:/program files (x86)/atmel/studio/7.0/toolchain/arm/arm-gnu-toolchain/bin/../lib/gcc/arm-none-eabi/6.3.1/thumb/v6-m\libgcc.a(adddf3.o)
                                                  src/main.o
__aeabi_dmul                                      c:/program files (x86)/atmel/studio/7.0/toolchain/arm/arm-gnu-toolchain/bin/../lib/gcc/arm-none-eabi/6.3.1/thumb/v6-m\libgcc.a(muldf3.o)
                                                  src/main.o
__aeabi_f2d                                       c:/program files (x86)/atmel/studio/7.0/toolchain/arm/arm-gnu-toolchain/bin/../lib/gcc/arm-none-eabi/6.3.1/thumb/v6-m\libgcc.a(extendsfdf2.o)
                                                  src/main.o
__aeabi_f2iz                                      c:/program files (x86)/atmel/studio/7.0/toolchain/arm/arm-gnu-toolchain/bin/../lib/gcc/arm-none-eabi/6.3.1/thumb/v6-m\libgcc.a(fixsfsi.o)
                                                  src/main.o
__aeabi_fadd                                      c:/program files (x86)/atmel/studio/7.0/toolchain/arm/arm-gnu-toolchain/bin/../lib/gcc/arm-none-eabi/6.3.1/thumb/v6-m\libgcc.a(addsf3.o)
                                                  src/main.o
__aeabi_fcmpeq                                    c:/program files (x86)/atmel/studio/7.0/toolchain/arm/arm-gnu-toolchain/bin/../lib/gcc/arm-none-eabi/6.3.1/thumb/v6-m\libgcc.a(_arm_cmpsf2.o)
                                                  src/main.o
__aeabi_fcmpge                                    c:/program files (x86)/atmel/studio/7.0/toolchain/arm/arm-gnu-toolchain/bin/../lib/gcc/arm-none-eabi/6.3.1/thumb/v6-m\libgcc.a(_arm_cmpsf2.o)
__aeabi_fcmpgt                                    c:/program files (x86)/atmel/studio/7.0/toolchain/arm/arm-gnu-toolchain/bin/../lib/gcc/arm-none-eabi/6.3.1/thumb/v6-m\libgcc.a(_arm_cmpsf2.o)
                                                  src/main.o
__aeabi_fcmple                                    c:/program files (x86)/atmel/studio/7.0/toolchain/arm/arm-gnu-toolchain/bin/../lib/gcc/arm-none-eabi/6.3.1/thumb/v6-m\libgcc.a(_arm_cmpsf2.o)
__aeabi_fcmplt                                    c:/program files (x86)/atmel/studio/7.0/toolchain/arm/arm-gnu-toolchain/bin/../lib/gcc/arm-none-eabi/6.3.1/thumb/v6-m\libgcc.a(_arm_cmpsf2.o)
                                                  src/main.o
__aeabi_fdiv                                      c:/program files (x86)/atmel/studio/7.0/toolchain/arm/arm-gnu-toolchain/bin/../lib/gcc/arm-none-eabi/6.3.1/thumb/v6-m\libgcc.a(divsf3.o)
                                                  src/main.o
__aeabi_fmul                                      c:/program files (x86)/atmel/studio/7.0/toolchain/arm/arm-gnu-toolchain/bin/../lib/gcc/arm-none-eabi/6.3.1/thumb/v6-m\libgcc.a(mulsf3.o)
                                                  src/main.o
__aeabi_fsub                                      c:/program files (x86)/atmel/studio/7.0/toolchain/arm/arm-gnu-toolchain/bin/../lib/gcc/arm-none-eabi/6.3.1/thumb/v6-m\libgcc.a(subsf3.o)
                                                  src/main.o
__aeabi_i2f                                       c:/program files (x86)/atmel/studio/7.0/toolchain/arm/arm-gnu-toolchain/bin/../lib/gcc/arm-none-eabi/6.3.1/thumb/v6-m\libgcc.a(floatsisf.o)
                                                  src/main.o
__aeabi_idiv                                      c:/program files (x86)/atmel/studio/7.0/toolchain/arm/arm-gnu-toolchain/bin/../lib/gcc/arm-none-eabi/6.3.1/thumb/v6-m\libgcc.a(_divsi3.o)
                                                  src/main.o
__aeabi_idiv0                                     c:/program files (x86)/atmel/studio/7.0/toolchain/arm/arm-gnu-toolchain/bin/../lib/gcc/arm-none-eabi/6.3.1/thumb/v6-m\libgcc.a(_dvmd_tls.o)
                                                  c:/program files (x86)/atmel/studio/7.0/toolchain/arm/arm-gnu-toolchain/bin/../lib/gcc/arm-none-eabi/6.3.1/thumb/v6-m\libgcc.a(_divsi3.o)
                                                  c:/program files (x86)/atmel/studio/7.0/toolchain/arm/arm-gnu-toolchain/bin/../lib/gcc/arm-none-eabi/6.3.1/thumb/v6-m\libgcc.a(_udivsi3.o)
__aeabi_idivmod                                   c:/program files (x86)/atmel/studio/7.0/toolchain/arm/arm-gnu-toolchain/bin/../lib/gcc/arm-none-eabi/6.3.1/thumb/v6-m\libgcc.a(_divsi3.o)
                                                  src/main.o
__aeabi_ldiv0                                     c:/program files (x86)/atmel/studio/7.0/toolchain/arm/arm-gnu-toolchain/bin/../lib/gcc/arm-none-eabi/6.3.1/thumb/v6-m\libgcc.a(_dvmd_tls.o)
__aeabi_uidiv                                     c:/program files (x86)/atmel/studio/7.0/toolchain/arm/arm-gnu-toolchain/bin/../lib/gcc/arm-none-eabi/6.3.1/thumb/v6-m\libgcc.a(_udivsi3.o)
                                                  src/ASF/sam0/drivers/system/clock/clock_samd21_r21_da_ha1/gclk.o
                                                  src/ASF/sam0/drivers/system/clock/clock_samd21_r21_da_ha1/clock.o
__aeabi_uidivmod                                  c:/program files (x86)/atmel/studio/7.0/toolchain/arm/arm-gnu-toolchain/bin/../lib/gcc/arm-none-eabi/6.3.1/thumb/v6-m\libgcc.a(_udivsi3.o)
__bss_end__                                       c:/program files (x86)/atmel/studio/7.0/toolchain/arm/arm-gnu-toolchain/bin/../lib/gcc/arm-none-eabi/6.3.1/../../../../arm-none-eabi/lib/thumb/v6-m/crt0.o
__bss_start__                                     c:/program files (x86)/atmel/studio/7.0/toolchain/arm/arm-gnu-toolchain/bin/../lib/gcc/arm-none-eabi/6.3.1/../../../../arm-none-eabi/lib/thumb/v6-m/crt0.o
__call_exitprocs                                  c:/program files (x86)/atmel/studio/7.0/toolchain/arm/arm-gnu-toolchain/bin/../lib/gcc/arm-none-eabi/6.3.1/../../../../arm-none-eabi/lib/thumb/v6-m\libc_nano.a(lib_a-exit.o)
__clzsi2                                          c:/program files (x86)/atmel/studio/7.0/toolchain/arm/arm-gnu-toolchain/bin/../lib/gcc/arm-none-eabi/6.3.1/thumb/v6-m\libgcc.a(_clzsi2.o)
                                                  c:/program files (x86)/atmel/studio/7.0/toolchain/arm/arm-gnu-toolchain/bin/../lib/gcc/arm-none-eabi/6.3.1/thumb/v6-m\libgcc.a(extendsfdf2.o)
                                                  c:/program files (x86)/atmel/studio/7.0/toolchain/arm/arm-gnu-toolchain/bin/../lib/gcc/arm-none-eabi/6.3.1/thumb/v6-m\libgcc.a(muldf3.o)
                                                  c:/program files (x86)/atmel/studio/7.0/toolchain/arm/arm-gnu-toolchain/bin/../lib/gcc/arm-none-eabi/6.3.1/thumb/v6-m\libgcc.a(adddf3.o)
                                                  c:/program files (x86)/atmel/studio/7.0/toolchain/arm/arm-gnu-toolchain/bin/../lib/gcc/arm-none-eabi/6.3.1/thumb/v6-m\libgcc.a(floatsisf.o)
                                                  c:/program files (x86)/atmel/studio/7.0/toolchain/arm/arm-gnu-toolchain/bin/../lib/gcc/arm-none-eabi/6.3.1/thumb/v6-m\libgcc.a(subsf3.o)
                                                  c:/program files (x86)/atmel/studio/7.0/toolchain/arm/arm-gnu-toolchain/bin/../lib/gcc/arm-none-eabi/6.3.1/thumb/v6-m\libgcc.a(mulsf3.o)
                                                  c:/program files (x86)/atmel/studio/7.0/toolchain/arm/arm-gnu-toolchain/bin/../lib/gcc/arm-none-eabi/6.3.1/thumb/v6-m\libgcc.a(divsf3.o)
                                                  c:/program files (x86)/atmel/studio/7.0/toolchain/arm/arm-gnu-toolchain/bin/../lib/gcc/arm-none-eabi/6.3.1/thumb/v6-m\libgcc.a(addsf3.o)
__deregister_frame_info                           c:/program files (x86)/atmel/studio/7.0/toolchain/arm/arm-gnu-toolchain/bin/../lib/gcc/arm-none-eabi/6.3.1/thumb/v6-m/crtbegin.o
__divsi3                                          c:/program files (x86)/atmel/studio/7.0/toolchain/arm/arm-gnu-toolchain/bin/../lib/gcc/arm-none-eabi/6.3.1/thumb/v6-m\libgcc.a(_divsi3.o)
__dso_handle                                      c:/program files (x86)/atmel/studio/7.0/toolchain/arm/arm-gnu-toolchain/bin/../lib/gcc/arm-none-eabi/6.3.1/thumb/v6-m/crtbegin.o
__eqsf2                                           c:/program files (x86)/atmel/studio/7.0/toolchain/arm/arm-gnu-toolchain/bin/../lib/gcc/arm-none-eabi/6.3.1/thumb/v6-m\libgcc.a(eqsf2.o)
                                                  c:/program files (x86)/atmel/studio/7.0/toolchain/arm/arm-gnu-toolchain/bin/../lib/gcc/arm-none-eabi/6.3.1/thumb/v6-m\libgcc.a(_arm_cmpsf2.o)
__gesf2                                           c:/program files (x86)/atmel/studio/7.0/toolchain/arm/arm-gnu-toolchain/bin/../lib/gcc/arm-none-eabi/6.3.1/thumb/v6-m\libgcc.a(gesf2.o)
                                                  c:/program files (x86)/atmel/studio/7.0/toolchain/arm/arm-gnu-toolchain/bin/../lib/gcc/arm-none-eabi/6.3.1/thumb/v6-m\libgcc.a(_arm_cmpsf2.o)
__gtsf2                                           c:/program files (x86)/atmel/studio/7.0/toolchain/arm/arm-gnu-toolchain/bin/../lib/gcc/arm-none-eabi/6.3.1/thumb/v6-m\libgcc.a(gesf2.o)
__init_array_end                                  c:/program files (x86)/atmel/studio/7.0/toolchain/arm/arm-gnu-toolchain/bin/../lib/gcc/arm-none-eabi/6.3.1/../../../../arm-none-eabi/lib/thumb/v6-m\libc_nano.a(lib_a-init.o)
__init_array_start                                c:/program files (x86)/atmel/studio/7.0/toolchain/arm/arm-gnu-toolchain/bin/../lib/gcc/arm-none-eabi/6.3.1/../../../../arm-none-eabi/lib/thumb/v6-m\libc_nano.a(lib_a-init.o)
__lesf2                                           c:/program files (x86)/atmel/studio/7.0/toolchain/arm/arm-gnu-toolchain/bin/../lib/gcc/arm-none-eabi/6.3.1/thumb/v6-m\libgcc.a(lesf2.o)
                                                  c:/program files (x86)/atmel/studio/7.0/toolchain/arm/arm-gnu-toolchain/bin/../lib/gcc/arm-none-eabi/6.3.1/thumb/v6-m\libgcc.a(_arm_cmpsf2.o)
__libc_fini_array                                 c:/program files (x86)/atmel/studio/7.0/toolchain/arm/arm-gnu-toolchain/bin/../lib/gcc/arm-none-eabi/6.3.1/../../../../arm-none-eabi/lib/thumb/v6-m/crt0.o
__libc_init_array                                 c:/program files (x86)/atmel/studio/7.0/toolchain/arm/arm-gnu-toolchain/bin/../lib/gcc/arm-none-eabi/6.3.1/../../../../arm-none-eabi/lib/thumb/v6-m\libc_nano.a(lib_a-init.o)
                                                  src/ASF/sam0/utils/cmsis/samd21/source/gcc/startup_samd21.o
                                                  c:/program files (x86)/atmel/studio/7.0/toolchain/arm/arm-gnu-toolchain/bin/../lib/gcc/arm-none-eabi/6.3.1/../../../../arm-none-eabi/lib/thumb/v6-m/crt0.o
__ltsf2                                           c:/program files (x86)/atmel/studio/7.0/toolchain/arm/arm-gnu-toolchain/bin/../lib/gcc/arm-none-eabi/6.3.1/thumb/v6-m\libgcc.a(lesf2.o)
__nesf2                                           c:/program files (x86)/atmel/studio/7.0/toolchain/arm/arm-gnu-toolchain/bin/../lib/gcc/arm-none-eabi/6.3.1/thumb/v6-m\libgcc.a(eqsf2.o)
__preinit_array_end                               c:/program files (x86)/atmel/studio/7.0/toolchain/arm/arm-gnu-toolchain/bin/../lib/gcc/arm-none-eabi/6.3.1/../../../../arm-none-eabi/lib/thumb/v6-m\libc_nano.a(lib_a-init.o)
__preinit_array_start                             c:/program files (x86)/atmel/studio/7.0/toolchain/arm/arm-gnu-toolchain/bin/../lib/gcc/arm-none-eabi/6.3.1/../../../../arm-none-eabi/lib/thumb/v6-m\libc_nano.a(lib_a-init.o)
__register_frame_info                             c:/program files (x86)/atmel/studio/7.0/toolchain/arm/arm-gnu-toolchain/bin/../lib/gcc/arm-none-eabi/6.3.1/thumb/v6-m/crtbegin.o
__sf_fake_stderr                                  c:/program files (x86)/atmel/studio/7.0/toolchain/arm/arm-gnu-toolchain/bin/../lib/gcc/arm-none-eabi/6.3.1/../../../../arm-none-eabi/lib/thumb/v6-m\libc_nano.a(lib_a-impure.o)
__sf_fake_stdin                                   c:/program files (x86)/atmel/studio/7.0/toolchain/arm/arm-gnu-toolchain/bin/../lib/gcc/arm-none-eabi/6.3.1/../../../../arm-none-eabi/lib/thumb/v6-m\libc_nano.a(lib_a-impure.o)
__sf_fake_stdout                                  c:/program files (x86)/atmel/studio/7.0/toolchain/arm/arm-gnu-toolchain/bin/../lib/gcc/arm-none-eabi/6.3.1/../../../../arm-none-eabi/lib/thumb/v6-m\libc_nano.a(lib_a-impure.o)
__stack                                           c:/program files (x86)/atmel/studio/7.0/toolchain/arm/arm-gnu-toolchain/bin/../lib/gcc/arm-none-eabi/6.3.1/../../../../arm-none-eabi/lib/thumb/v6-m/crt0.o
__udivsi3                                         c:/program files (x86)/atmel/studio/7.0/toolchain/arm/arm-gnu-toolchain/bin/../lib/gcc/arm-none-eabi/6.3.1/thumb/v6-m\libgcc.a(_udivsi3.o)
_close                                            src/ASF/sam0/utils/syscalls/gcc/syscalls.o
_end                                              src/ASF/sam0/utils/syscalls/gcc/syscalls.o
_erelocate                                        src/ASF/sam0/utils/cmsis/samd21/source/gcc/startup_samd21.o
_estack                                           src/ASF/sam0/utils/cmsis/samd21/source/gcc/startup_samd21.o
_etext                                            src/ASF/sam0/utils/cmsis/samd21/source/gcc/startup_samd21.o
_exit                                             src/ASF/sam0/utils/syscalls/gcc/syscalls.o
                                                  c:/program files (x86)/atmel/studio/7.0/toolchain/arm/arm-gnu-toolchain/bin/../lib/gcc/arm-none-eabi/6.3.1/../../../../arm-none-eabi/lib/thumb/v6-m\libc_nano.a(lib_a-exit.o)
_ezero                                            src/ASF/sam0/utils/cmsis/samd21/source/gcc/startup_samd21.o
_fini                                             c:/program files (x86)/atmel/studio/7.0/toolchain/arm/arm-gnu-toolchain/bin/../lib/gcc/arm-none-eabi/6.3.1/thumb/v6-m/crti.o
_fstat                                            src/ASF/sam0/utils/syscalls/gcc/syscalls.o
_getpid                                           src/ASF/sam0/utils/syscalls/gcc/syscalls.o
_global_impure_ptr                                c:/program files (x86)/atmel/studio/7.0/toolchain/arm/arm-gnu-toolchain/bin/../lib/gcc/arm-none-eabi/6.3.1/../../../../arm-none-eabi/lib/thumb/v6-m\libc_nano.a(lib_a-impure.o)
                                                  c:/program files (x86)/atmel/studio/7.0/toolchain/arm/arm-gnu-toolchain/bin/../lib/gcc/arm-none-eabi/6.3.1/../../../../arm-none-eabi/lib/thumb/v6-m\libc_nano.a(lib_a-exit.o)
_impure_ptr                                       c:/program files (x86)/atmel/studio/7.0/toolchain/arm/arm-gnu-toolchain/bin/../lib/gcc/arm-none-eabi/6.3.1/../../../../arm-none-eabi/lib/thumb/v6-m\libc_nano.a(lib_a-impure.o)
_init                                             c:/program files (x86)/atmel/studio/7.0/toolchain/arm/arm-gnu-toolchain/bin/../lib/gcc/arm-none-eabi/6.3.1/thumb/v6-m/crti.o
                                                  c:/program files (x86)/atmel/studio/7.0/toolchain/arm/arm-gnu-toolchain/bin/../lib/gcc/arm-none-eabi/6.3.1/../../../../arm-none-eabi/lib/thumb/v6-m\libc_nano.a(lib_a-init.o)
_isatty                                           src/ASF/sam0/utils/syscalls/gcc/syscalls.o
_kill                                             src/ASF/sam0/utils/syscalls/gcc/syscalls.o
_lseek                                            src/ASF/sam0/utils/syscalls/gcc/syscalls.o
_mainCRTStartup                                   c:/program files (x86)/atmel/studio/7.0/toolchain/arm/arm-gnu-toolchain/bin/../lib/gcc/arm-none-eabi/6.3.1/../../../../arm-none-eabi/lib/thumb/v6-m/crt0.o
_sbrk                                             src/ASF/sam0/utils/syscalls/gcc/syscalls.o
_sfixed                                           src/ASF/sam0/utils/cmsis/samd21/source/gcc/startup_samd21.o
_srelocate                                        src/ASF/sam0/utils/cmsis/samd21/source/gcc/startup_samd21.o
_start                                            c:/program files (x86)/atmel/studio/7.0/toolchain/arm/arm-gnu-toolchain/bin/../lib/gcc/arm-none-eabi/6.3.1/../../../../arm-none-eabi/lib/thumb/v6-m/crt0.o
_system_divas_init                                src/ASF/sam0/drivers/system/system.o
_system_dummy_init                                src/ASF/sam0/drivers/system/system.o
_system_events_init                               src/ASF/sam0/drivers/system/system.o
_system_extint_init                               src/ASF/sam0/drivers/system/system.o
_szero                                            src/ASF/sam0/utils/cmsis/samd21/source/gcc/startup_samd21.o
array2                                            src/main.o
atexit                                            c:/program files (x86)/atmel/studio/7.0/toolchain/arm/arm-gnu-toolchain/bin/../lib/gcc/arm-none-eabi/6.3.1/../../../../arm-none-eabi/lib/thumb/v6-m/crt0.o
board_init                                        src/ASF/common2/boards/user_board/init.o
charConvert                                       src/main.o
clockSetup                                        src/main.o
comPres                                           src/main.o
convert                                           src/main.o
cpu_irq_enter_critical                            src/ASF/common/utils/interrupt/interrupt_sam_nvic.o
                                                  src/ASF/sam0/drivers/system/clock/clock_samd21_r21_da_ha1/gclk.o
cpu_irq_leave_critical                            src/ASF/common/utils/interrupt/interrupt_sam_nvic.o
                                                  src/ASF/sam0/drivers/system/clock/clock_samd21_r21_da_ha1/gclk.o
display                                           src/main.o
ent_key                                           src/main.o
errorDisplay                                      src/main.o
errorPos                                          src/main.o
errorSpd                                          src/main.o
exception_table                                   src/ASF/sam0/utils/cmsis/samd21/source/gcc/startup_samd21.o
exit                                              c:/program files (x86)/atmel/studio/7.0/toolchain/arm/arm-gnu-toolchain/bin/../lib/gcc/arm-none-eabi/6.3.1/../../../../arm-none-eabi/lib/thumb/v6-m\libc_nano.a(lib_a-exit.o)
                                                  c:/program files (x86)/atmel/studio/7.0/toolchain/arm/arm-gnu-toolchain/bin/../lib/gcc/arm-none-eabi/6.3.1/../../../../arm-none-eabi/lib/thumb/v6-m/crt0.o
filterRawSpeed                                    src/main.o